
Allocating common symbols
Common symbol       size              file

interrupt_stacks    0x10              kernel/interrupt.o
thread_table        0x800             kernel/thread.o
open_sockets        0x700             net/socket.o
process_table_slock
                    0x4               proc/process.o
open_sockets_sem    0x4               net/socket.o
scheduler_current_thread
                    0x10              kernel/scheduler.o
process_table       0x2180            proc/process.o
thread_stack_areas  0x20000           kernel/thread.o
thread_table_slock  0x4               kernel/thread.o
network_interfaces  0x30              net/network.o

Discarded input sections

 .reginfo       0x0000000000000000       0x18 kernel/cswitch.o
 .reginfo       0x0000000000000000       0x18 kernel/_interrupt.o
 .reginfo       0x0000000000000000       0x18 kernel/_spinlock.o
 .reginfo       0x0000000000000000       0x18 kernel/idle.o
 .reginfo       0x0000000000000000       0x18 lib/rand.o
 .reginfo       0x0000000000000000       0x18 drivers/_timer.o
 .reginfo       0x0000000000000000       0x18 vm/_tlb.o
 .reginfo       0x0000000000000000       0x18 init/main.o
 .reginfo       0x0000000000000000       0x18 kernel/panic.o
 .reginfo       0x0000000000000000       0x18 kernel/kmalloc.o
 .reginfo       0x0000000000000000       0x18 kernel/interrupt.o
 .reginfo       0x0000000000000000       0x18 kernel/thread.o
 .reginfo       0x0000000000000000       0x18 kernel/scheduler.o
 .reginfo       0x0000000000000000       0x18 kernel/sleepq.o
 .reginfo       0x0000000000000000       0x18 kernel/semaphore.o
 .reginfo       0x0000000000000000       0x18 kernel/exception.o
 .reginfo       0x0000000000000000       0x18 kernel/halt.o
 .reginfo       0x0000000000000000       0x18 lib/libc.o
 .reginfo       0x0000000000000000       0x18 lib/xprintf.o
 .reginfo       0x0000000000000000       0x18 lib/bitmap.o
 .reginfo       0x0000000000000000       0x18 lib/debug.o
 .reginfo       0x0000000000000000       0x18 drivers/polltty.o
 .reginfo       0x0000000000000000       0x18 drivers/timer.o
 .reginfo       0x0000000000000000       0x18 drivers/bootargs.o
 .reginfo       0x0000000000000000       0x18 drivers/device.o
 .reginfo       0x0000000000000000       0x18 drivers/drivers.o
 .reginfo       0x0000000000000000       0x18 drivers/tty.o
 .reginfo       0x0000000000000000       0x18 drivers/disk.o
 .reginfo       0x0000000000000000       0x18 drivers/disksched.o
 .reginfo       0x0000000000000000       0x18 drivers/metadev.o
 .reginfo       0x0000000000000000       0x18 proc/exception.o
 .reginfo       0x0000000000000000       0x18 proc/elf.o
 .reginfo       0x0000000000000000       0x18 proc/process.o
 .reginfo       0x0000000000000000       0x18 proc/syscall.o
 .reginfo       0x0000000000000000       0x18 vm/vm.o
 .reginfo       0x0000000000000000       0x18 vm/pagepool.o
 .reginfo       0x0000000000000000       0x18 vm/tlb.o
 .reginfo       0x0000000000000000       0x18 fs/vfs.o
 .reginfo       0x0000000000000000       0x18 fs/tfs.o
 .reginfo       0x0000000000000000       0x18 fs/filesystems.o
 .reginfo       0x0000000000000000       0x18 net/network.o
 .reginfo       0x0000000000000000       0x18 net/protocols.o
 .reginfo       0x0000000000000000       0x18 net/socket.o
 .reginfo       0x0000000000000000       0x18 net/pop.o

Memory Configuration

Name             Origin             Length             Attributes
*default*        0x0000000000000000 0xffffffffffffffff

Linker script and memory map

                0x0000000080010000                . = 0x80010000

.text           0x0000000080010000     0x9a08
 *(.text)
 .text          0x0000000080010000       0x60 init/_boot.o
                0x0000000080010000                _start
 .text          0x0000000080010060      0x350 kernel/cswitch.o
                0x0000000080010060                _cswitch_vector_code
                0x0000000080010080                _cswitch_switch
                0x0000000080010388                _cswitch_to_userland
 .text          0x00000000800103b0      0x120 kernel/_interrupt.o
                0x00000000800103b0                _interrupt_disable
                0x00000000800103cc                _interrupt_enable
                0x00000000800103e4                _interrupt_set_state
                0x0000000080010408                _interrupt_get_state
                0x0000000080010414                _interrupt_generate_sw0
                0x000000008001042c                _interrupt_clear_sw
                0x0000000080010444                _interrupt_clear_sw0
                0x000000008001045c                _interrupt_clear_sw1
                0x0000000080010474                _interrupt_clear_bootstrap
                0x0000000080010490                _interrupt_getcpu
                0x00000000800104a0                _interrupt_clear_EXL
                0x00000000800104b8                _interrupt_set_EXL
 .text          0x00000000800104d0       0x30 kernel/_spinlock.o
                0x00000000800104d0                spinlock_reset
                0x00000000800104d0                spinlock_release
                0x00000000800104dc                spinlock_acquire
 .text          0x0000000080010500        0xc kernel/idle.o
                0x0000000080010500                _idle_thread_wait_loop
 .text          0x000000008001050c       0x4c lib/rand.o
                0x000000008001050c                _set_rand_seed
                0x000000008001051c                _get_rand
 .text          0x0000000080010558       0x14 drivers/_timer.o
                0x0000000080010558                _timer_set_ticks
 .text          0x000000008001056c      0x15c vm/_tlb.o
                0x000000008001056c                _tlb_get_exception_state
                0x0000000080010590                _tlb_set_asid
                0x00000000800105b0                _tlb_get_maxindex
                0x00000000800105c4                _tlb_probe
                0x00000000800105dc                _tlb_read
                0x0000000080010640                _tlb_write
                0x00000000800106a4                _tlb_write_random
 .text          0x00000000800106c8      0x498 init/main.o
                0x00000000800106c8                init_startup_fallback
                0x0000000080010880                init_startup_thread
                0x000000008001093c                init
 .text          0x0000000080010b60       0x68 kernel/panic.o
                0x0000000080010b60                _kernel_panic
 .text          0x0000000080010bc8      0x258 kernel/kmalloc.o
                0x0000000080010bc8                kmalloc_get_numpages
                0x0000000080010c4c                kmalloc_get_reserved_pages
                0x0000000080010c74                kmalloc_disable
                0x0000000080010c84                kmalloc_init
                0x0000000080010cfc                kmalloc
 .text          0x0000000080010e20      0x338 kernel/interrupt.o
                0x0000000080010e20                interrupt_init
                0x0000000080010f40                interrupt_register
                0x0000000080011010                interrupt_handle
 .text          0x0000000080011158      0x40c kernel/thread.o
                0x0000000080011158                thread_table_init
                0x00000000800111f8                thread_create
                0x0000000080011398                thread_run
                0x00000000800113a0                thread_switch
                0x00000000800113cc                thread_get_current_thread
                0x000000008001141c                thread_finish
                0x00000000800114d0                thread_get_current_thread_entry
                0x000000008001152c                thread_goto_userland
 .text          0x0000000080011564      0x328 kernel/scheduler.o
                0x0000000080011564                scheduler_init
                0x0000000080011580                scheduler_add_to_ready_list
                0x000000008001166c                scheduler_add_ready
                0x00000000800116dc                scheduler_schedule
 .text          0x000000008001188c      0x48c kernel/sleepq.o
                0x000000008001188c                sleepq_init
                0x00000000800118b8                sleepq_add
                0x0000000080011a10                sleepq_wake
                0x0000000080011b80                sleepq_wake_all
 .text          0x0000000080011d18      0x2a4 kernel/semaphore.o
                0x0000000080011d18                semaphore_init
                0x0000000080011d60                semaphore_create
                0x0000000080011ea8                semaphore_destroy
                0x0000000080011eb4                semaphore_P
                0x0000000080011f3c                semaphore_V
 .text          0x0000000080011fbc      0x290 kernel/exception.o
                0x0000000080011ff4                kernel_exception_handle
 .text          0x000000008001224c       0x3c kernel/halt.o
                0x000000008001224c                halt_kernel
 .text          0x0000000080012288      0x3d4 lib/libc.o
                0x0000000080012288                kwrite
                0x00000000800122d0                kread
                0x0000000080012344                stringcmp
                0x00000000800123ac                stringcopy
                0x0000000080012448                memcopy
                0x0000000080012514                memoryset
                0x000000008001253c                atoi
                0x0000000080012620                strlen
 .text          0x000000008001265c      0xa10 lib/xprintf.o
                0x0000000080012f00                kvprintf
                0x0000000080012f88                kprintf
                0x0000000080013018                vsnprintf
                0x000000008001303c                snprintf
 .text          0x000000008001306c      0x3b8 lib/bitmap.o
                0x000000008001306c                bitmap_sizeof
                0x0000000080013094                bitmap_init
                0x000000008001311c                bitmap_get
                0x00000000800131ec                bitmap_set
                0x000000008001330c                bitmap_findnset
 .text          0x0000000080013424       0x44 lib/debug.o
                0x0000000080013424                DEBUG
 .text          0x0000000080013468       0xe8 drivers/polltty.o
                0x0000000080013468                polltty_init
                0x00000000800134c8                polltty_getchar
                0x0000000080013508                polltty_putchar
 .text          0x0000000080013550       0x34 drivers/timer.o
                0x0000000080013550                timer_set_ticks
 .text          0x0000000080013584      0x27c drivers/bootargs.o
                0x0000000080013584                bootargs_init
                0x000000008001376c                bootargs_get
 .text          0x0000000080013800      0x1e4 drivers/device.o
                0x0000000080013800                device_init
                0x0000000080013984                device_get
 .text          0x00000000800139e4        0x0 drivers/drivers.o
 .text          0x00000000800139e4      0x7c4 drivers/tty.o
                0x0000000080013d70                tty_interrupt_handle
                0x0000000080013fe8                tty_init
 .text          0x00000000800141a8      0x578 drivers/disk.o
                0x00000000800145f4                disk_init
 .text          0x0000000080014720       0x3c drivers/disksched.o
                0x0000000080014720                disksched_schedule
 .text          0x000000008001475c      0x484 drivers/metadev.o
                0x00000000800147e8                cpustatus_interrupt_handle
                0x0000000080014874                rtc_init
                0x00000000800148e4                rtc_get_msec
                0x00000000800148fc                rtc_get_clockspeed
                0x0000000080014914                meminfo_init
                0x0000000080014984                meminfo_get_pages
                0x000000008001499c                cpustatus_init
                0x0000000080014a3c                cpustatus_count
                0x0000000080014a84                cpustatus_generate_irq
                0x0000000080014b04                shutdown_init
                0x0000000080014b74                shutdown
 .text          0x0000000080014be0      0x234 proc/exception.o
                0x0000000080014be0                user_exception_handle
 .text          0x0000000080014e14      0x22c proc/elf.o
                0x0000000080014e14                elf_parse_header
 .text          0x0000000080015040      0x968 proc/process.o
                0x0000000080015040                process_start
                0x00000000800155d8                process_init
                0x0000000080015618                process_spawn
                0x0000000080015734                process_finish
                0x0000000080015818                process_join
                0x0000000080015924                process_get_current_process
                0x0000000080015944                process_get_current_process_entry
                0x0000000080015984                process_get_process_entry
 .text          0x00000000800159a8      0x224 proc/syscall.o
                0x00000000800159a8                syscall_write
                0x00000000800159dc                syscall_read
                0x0000000080015a38                syscall_handle
 .text          0x0000000080015bcc      0x550 vm/vm.o
                0x0000000080015bcc                vm_init
                0x0000000080015be8                vm_create_pagetable
                0x0000000080015c34                vm_destroy_pagetable
                0x0000000080015c44                vm_map
                0x0000000080015f74                vm_unmap
                0x0000000080015f7c                vm_set_dirty
 .text          0x000000008001611c      0x278 vm/pagepool.o
                0x000000008001611c                pagepool_init
                0x00000000800161f0                pagepool_get_phys_page
                0x00000000800162bc                pagepool_free_phys_page
 .text          0x0000000080016394       0xd4 vm/tlb.o
                0x0000000080016394                tlb_modified_exception
                0x00000000800163ac                tlb_load_exception
                0x00000000800163c4                tlb_store_exception
                0x00000000800163dc                tlb_fill
 .text          0x0000000080016468     0x1150 fs/vfs.o
                0x00000000800167ac                vfs_init
                0x00000000800168a4                vfs_deinit
                0x0000000080016a10                vfs_mount
                0x0000000080016ba4                vfs_mount_fs
                0x0000000080016ca4                vfs_mount_all
                0x0000000080016d2c                vfs_unmount
                0x0000000080016ea0                vfs_open
                0x000000008001707c                vfs_close
                0x000000008001710c                vfs_seek
                0x00000000800171b0                vfs_read
                0x0000000080017290                vfs_write
                0x0000000080017370                vfs_create
                0x000000008001745c                vfs_remove
                0x000000008001751c                vfs_getfree
 .text          0x00000000800175b8     0x103c fs/tfs.o
                0x00000000800175b8                tfs_close
                0x00000000800175c0                tfs_unmount
                0x0000000080017618                tfs_open
                0x0000000080017720                tfs_create
                0x0000000080017a7c                tfs_remove
                0x0000000080017d08                tfs_read
                0x0000000080017fa0                tfs_write
                0x00000000800182e0                tfs_getfree
                0x00000000800183b4                tfs_init
 .text          0x00000000800185f4       0xac fs/filesystems.o
                0x00000000800185f4                filesystems_try_all
 .text          0x00000000800186a0      0x5c4 net/network.o
                0x00000000800187c0                network_init
                0x0000000080018934                network_get_source_address
                0x000000008001896c                network_get_broadcast_address
                0x0000000080018974                network_get_loopback_address
                0x000000008001897c                network_get_mtu
                0x0000000080018a50                network_send
                0x0000000080018c54                network_free_frame
 .text          0x0000000080018c64       0xc4 net/protocols.o
                0x0000000080018c64                protocols_get_frame_handler
                0x0000000080018ccc                protocols_init
 .text          0x0000000080018d28      0x354 net/socket.o
                0x0000000080018d28                socket_init
                0x0000000080018de8                socket_open
                0x0000000080018fcc                socket_close
 .text          0x000000008001907c      0x98c net/pop.o
                0x0000000080019384                socket_sendto
                0x0000000080019580                socket_recvfrom
                0x00000000800196e8                pop_init
                0x000000008001983c                pop_push_frame

.rodata         0x0000000080019a08     0x15fc
 *(.rodata .rodata.*)
 .rodata.str1.4
                0x0000000080019a08      0x491 init/main.o
                                        0x498 (size before relaxing)
 *fill*         0x0000000080019e99        0x3 
 .rodata.str1.4
                0x0000000080019e9c       0x26 kernel/panic.o
                                         0x28 (size before relaxing)
 *fill*         0x0000000080019ec2        0x2 
 .rodata.str1.4
                0x0000000080019ec4      0x11f kernel/kmalloc.o
                                        0x120 (size before relaxing)
 *fill*         0x0000000080019fe3        0x1 
 .rodata.str1.4
                0x0000000080019fe4       0xca kernel/interrupt.o
                                         0xcc (size before relaxing)
 *fill*         0x000000008001a0ae        0x2 
 .rodata.str1.4
                0x000000008001a0b0       0x6b kernel/thread.o
                                         0x80 (size before relaxing)
 *fill*         0x000000008001a11b        0x1 
 .rodata.str1.4
                0x000000008001a11c       0x13 kernel/scheduler.o
                                         0x28 (size before relaxing)
 *fill*         0x000000008001a12f        0x1 
 .rodata.str1.4
                0x000000008001a130       0x10 kernel/sleepq.o
                                         0x24 (size before relaxing)
 .rodata.str1.4
                0x000000008001a140       0x13 kernel/semaphore.o
                                         0x28 (size before relaxing)
 *fill*         0x000000008001a153        0x1 
 .rodata.str1.4
                0x000000008001a154      0x26a kernel/exception.o
                                        0x26c (size before relaxing)
 *fill*         0x000000008001a3be        0x2 
 .rodata        0x000000008001a3c0       0x38 kernel/exception.o
 .rodata.str1.4
                0x000000008001a3f8       0x54 kernel/halt.o
 .rodata        0x000000008001a44c      0x10c lib/xprintf.o
 .rodata.str1.4
                0x000000008001a558       0x2c lib/bitmap.o
                                         0x40 (size before relaxing)
 .rodata.str1.4
                0x0000000000000000       0x2c drivers/bootargs.o
                                          0x4 (size before relaxing)
 .rodata.str1.4
                0x000000008001a584       0xaa drivers/device.o
                                         0xac (size before relaxing)
 *fill*         0x000000008001a62e        0x2 
 .rodata.str1.4
                0x000000008001a630       0x51 drivers/drivers.o
                                         0x54 (size before relaxing)
 *fill*         0x000000008001a681        0x3 
 .rodata.str1.4
                0x000000008001a684       0x8e drivers/tty.o
                                         0x90 (size before relaxing)
 *fill*         0x000000008001a712        0x2 
 .rodata.str1.4
                0x000000008001a714       0x93 drivers/disk.o
                                         0xa8 (size before relaxing)
 *fill*         0x000000008001a7a7        0x1 
 .rodata.str1.4
                0x000000008001a7a8      0x12c drivers/metadev.o
                                        0x140 (size before relaxing)
 .rodata.str1.4
                0x000000008001a8d4       0x11 proc/exception.o
                                        0x1d8 (size before relaxing)
 *fill*         0x000000008001a8e5        0x3 
 .rodata        0x000000008001a8e8       0x38 proc/exception.o
 .rodata.str1.4
                0x000000008001a920       0x63 proc/process.o
                                         0x78 (size before relaxing)
 *fill*         0x000000008001a983        0x1 
 .rodata.str1.4
                0x000000008001a984       0x2b proc/syscall.o
                                         0x2c (size before relaxing)
 *fill*         0x000000008001a9af        0x1 
 .rodata.str1.4
                0x000000008001a9b0      0x100 vm/vm.o
                                        0x114 (size before relaxing)
 .rodata.str1.4
                0x000000008001aab0       0x6a vm/pagepool.o
                                         0x80 (size before relaxing)
 *fill*         0x000000008001ab1a        0x2 
 .rodata.str1.4
                0x000000008001ab1c       0x6e vm/tlb.o
                                         0x84 (size before relaxing)
 *fill*         0x000000008001ab8a        0x2 
 .rodata.str1.4
                0x000000008001ab8c      0x2d1 fs/vfs.o
                                        0x2e8 (size before relaxing)
 *fill*         0x000000008001ae5d        0x3 
 .rodata.str1.4
                0x000000008001ae60       0x92 fs/tfs.o
                                         0x94 (size before relaxing)
 *fill*         0x000000008001aef2        0x2 
 .rodata.str1.4
                0x000000008001aef4       0x2c fs/filesystems.o
 .rodata.str1.4
                0x000000008001af20       0x4e net/network.o
                                         0x64 (size before relaxing)
 *fill*         0x000000008001af6e        0x2 
 .rodata.str1.4
                0x000000008001af70       0x3a net/socket.o
                                         0x50 (size before relaxing)
 *fill*         0x000000008001afaa        0x2 
 .rodata.str1.4
                0x000000008001afac       0x58 net/pop.o
                                         0x6c (size before relaxing)

.rel.dyn        0x000000008001b004        0x0
 .rel.dyn       0x0000000000000000        0x0 drivers/drivers.o

.data           0x000000008001b004       0x90
 *(.data)
 .data          0x000000008001b004        0x0 init/_boot.o
 .data          0x000000008001b004        0x0 kernel/cswitch.o
 .data          0x000000008001b004        0x0 kernel/_interrupt.o
 .data          0x000000008001b004        0x0 kernel/_spinlock.o
 .data          0x000000008001b004        0x0 kernel/idle.o
 .data          0x000000008001b004        0xc lib/rand.o
 .data          0x000000008001b010        0x0 drivers/_timer.o
 .data          0x000000008001b010        0x0 vm/_tlb.o
 .data          0x000000008001b010        0x0 init/main.o
 .data          0x000000008001b010        0x0 kernel/panic.o
 .data          0x000000008001b010        0x0 kernel/kmalloc.o
 .data          0x000000008001b010        0x0 kernel/interrupt.o
 .data          0x000000008001b010        0x0 kernel/thread.o
 .data          0x000000008001b010        0x8 kernel/scheduler.o
 .data          0x000000008001b018        0x0 kernel/sleepq.o
 .data          0x000000008001b018        0x0 kernel/semaphore.o
 .data          0x000000008001b018        0x0 kernel/exception.o
 .data          0x000000008001b018        0x0 kernel/halt.o
 .data          0x000000008001b018        0x0 lib/libc.o
 .data          0x000000008001b018        0x0 lib/xprintf.o
 .data          0x000000008001b018        0x0 lib/bitmap.o
 .data          0x000000008001b018        0x0 lib/debug.o
 .data          0x000000008001b018        0x0 drivers/polltty.o
 .data          0x000000008001b018        0x0 drivers/timer.o
 .data          0x000000008001b018        0x0 drivers/bootargs.o
 .data          0x000000008001b018        0x0 drivers/device.o
 .data          0x000000008001b018       0x54 drivers/drivers.o
                0x000000008001b018                drivers_available
 .data          0x000000008001b06c        0x0 drivers/tty.o
 .data          0x000000008001b06c        0x0 drivers/disk.o
 .data          0x000000008001b06c        0x0 drivers/disksched.o
 .data          0x000000008001b06c        0x0 drivers/metadev.o
 .data          0x000000008001b06c        0x0 proc/exception.o
 .data          0x000000008001b06c        0x0 proc/elf.o
 .data          0x000000008001b06c        0x0 proc/process.o
 .data          0x000000008001b06c        0x0 proc/syscall.o
 .data          0x000000008001b06c        0x0 vm/vm.o
 .data          0x000000008001b06c        0x0 vm/pagepool.o
 .data          0x000000008001b06c        0x0 vm/tlb.o
 .data          0x000000008001b06c        0x0 fs/vfs.o
 .data          0x000000008001b06c        0x0 fs/tfs.o
 .data          0x000000008001b06c       0x10 fs/filesystems.o
 .data          0x000000008001b07c        0x0 net/network.o
 .data          0x000000008001b07c       0x18 net/protocols.o
                0x000000008001b07c                network_protocols
 .data          0x000000008001b094        0x0 net/socket.o
 .data          0x000000008001b094        0x0 net/pop.o

.bss            0x000000008001b094    0x25db4
 *(.bss COMMON)
 .bss           0x000000008001b094        0x0 init/_boot.o
 .bss           0x000000008001b094        0x0 kernel/cswitch.o
 .bss           0x000000008001b094        0x0 kernel/_interrupt.o
 .bss           0x000000008001b094        0x0 kernel/_spinlock.o
 .bss           0x000000008001b094        0x0 kernel/idle.o
 .bss           0x000000008001b094        0x0 lib/rand.o
 .bss           0x000000008001b094        0x0 drivers/_timer.o
 .bss           0x000000008001b094        0x0 vm/_tlb.o
 .bss           0x000000008001b094        0x4 init/main.o
                0x000000008001b094                kernel_bootstrap_finished
 .bss           0x000000008001b098        0x0 kernel/panic.o
 .bss           0x000000008001b098        0x8 kernel/kmalloc.o
 .bss           0x000000008001b0a0      0x600 kernel/interrupt.o
 COMMON         0x000000008001b6a0       0x10 kernel/interrupt.o
                0x000000008001b6a0                interrupt_stacks
 .bss           0x000000008001b6b0        0x4 kernel/thread.o
 COMMON         0x000000008001b6b4    0x20804 kernel/thread.o
                0x000000008001b6b4                thread_table
                0x000000008001beb4                thread_stack_areas
                0x000000008003beb4                thread_table_slock
 .bss           0x000000008003beb8        0x0 kernel/scheduler.o
 COMMON         0x000000008003beb8       0x10 kernel/scheduler.o
                0x000000008003beb8                scheduler_current_thread
 .bss           0x000000008003bec8      0x200 kernel/sleepq.o
 .bss           0x000000008003c0c8      0x608 kernel/semaphore.o
 .bss           0x000000008003c6d0        0x0 kernel/exception.o
 .bss           0x000000008003c6d0        0x0 kernel/halt.o
 .bss           0x000000008003c6d0        0x0 lib/libc.o
 .bss           0x000000008003c6d0        0x4 lib/xprintf.o
                0x000000008003c6d0                kprintf_slock
 .bss           0x000000008003c6d4        0x0 lib/bitmap.o
 .bss           0x000000008003c6d4        0x0 lib/debug.o
 .bss           0x000000008003c6d4        0x4 drivers/polltty.o
 .bss           0x000000008003c6d8        0x0 drivers/timer.o
 .bss           0x000000008003c6d8      0x100 drivers/bootargs.o
 .bss           0x000000008003c7d8      0x204 drivers/device.o
 .bss           0x000000008003c9dc        0x0 drivers/drivers.o
 .bss           0x000000008003c9dc        0x4 drivers/tty.o
 .bss           0x000000008003c9e0        0x0 drivers/disk.o
 .bss           0x000000008003c9e0        0x0 drivers/disksched.o
 .bss           0x000000008003c9e0       0x48 drivers/metadev.o
 .bss           0x000000008003ca28        0x0 proc/exception.o
 .bss           0x000000008003ca28        0x0 proc/elf.o
 .bss           0x000000008003ca28        0x0 proc/process.o
 COMMON         0x000000008003ca28     0x2184 proc/process.o
                0x000000008003ca28                process_table_slock
                0x000000008003ca2c                process_table
 .bss           0x000000008003ebac        0x0 proc/syscall.o
 .bss           0x000000008003ebac        0x0 vm/vm.o
 .bss           0x000000008003ebac       0x14 vm/pagepool.o
 .bss           0x000000008003ebc0        0x0 vm/tlb.o
 .bss           0x000000008003ebc0     0x18b8 fs/vfs.o
 .bss           0x0000000080040478        0x0 fs/tfs.o
 .bss           0x0000000080040478        0x0 fs/filesystems.o
 .bss           0x0000000080040478        0x0 net/network.o
 COMMON         0x0000000080040478       0x30 net/network.o
                0x0000000080040478                network_interfaces
 .bss           0x00000000800404a8        0x0 net/protocols.o
 .bss           0x00000000800404a8        0x4 net/socket.o
 COMMON         0x00000000800404ac      0x704 net/socket.o
                0x00000000800404ac                open_sockets
                0x0000000080040bac                open_sockets_sem
 .bss           0x0000000080040bb0      0x298 net/pop.o
                0x0000000080040e48                KERNEL_ENDS_HERE = .
LOAD init/_boot.o
LOAD kernel/cswitch.o
LOAD kernel/_interrupt.o
LOAD kernel/_spinlock.o
LOAD kernel/idle.o
LOAD lib/rand.o
LOAD drivers/_timer.o
LOAD vm/_tlb.o
LOAD init/main.o
LOAD kernel/panic.o
LOAD kernel/kmalloc.o
LOAD kernel/interrupt.o
LOAD kernel/thread.o
LOAD kernel/scheduler.o
LOAD kernel/sleepq.o
LOAD kernel/semaphore.o
LOAD kernel/exception.o
LOAD kernel/halt.o
LOAD lib/libc.o
LOAD lib/xprintf.o
LOAD lib/bitmap.o
LOAD lib/debug.o
LOAD drivers/polltty.o
LOAD drivers/timer.o
LOAD drivers/bootargs.o
LOAD drivers/device.o
LOAD drivers/drivers.o
LOAD drivers/tty.o
LOAD drivers/disk.o
LOAD drivers/disksched.o
LOAD drivers/metadev.o
LOAD proc/exception.o
LOAD proc/elf.o
LOAD proc/process.o
LOAD proc/syscall.o
LOAD vm/vm.o
LOAD vm/pagepool.o
LOAD vm/tlb.o
LOAD fs/vfs.o
LOAD fs/tfs.o
LOAD fs/filesystems.o
LOAD net/network.o
LOAD net/protocols.o
LOAD net/socket.o
LOAD net/pop.o
OUTPUT(buenos elf32-bigmips)

.reginfo        0x0000000000000000       0x18
 .reginfo       0x0000000000000000       0x18 init/_boot.o

.pdr            0x0000000000000000     0x1880
 .pdr           0x0000000000000000       0x40 init/_boot.o
 .pdr           0x0000000000000040       0xa0 kernel/cswitch.o
 .pdr           0x00000000000000e0      0x180 kernel/_interrupt.o
 .pdr           0x0000000000000260       0x40 kernel/_spinlock.o
 .pdr           0x00000000000002a0       0x20 kernel/idle.o
 .pdr           0x00000000000002c0       0x40 lib/rand.o
 .pdr           0x0000000000000300       0x20 drivers/_timer.o
 .pdr           0x0000000000000320       0xe0 vm/_tlb.o
 .pdr           0x0000000000000400       0x60 init/main.o
 .pdr           0x0000000000000460       0x20 kernel/panic.o
 .pdr           0x0000000000000480       0xa0 kernel/kmalloc.o
 .pdr           0x0000000000000520       0x60 kernel/interrupt.o
 .pdr           0x0000000000000580      0x100 kernel/thread.o
 .pdr           0x0000000000000680       0x80 kernel/scheduler.o
 .pdr           0x0000000000000700       0x80 kernel/sleepq.o
 .pdr           0x0000000000000780       0xa0 kernel/semaphore.o
 .pdr           0x0000000000000820       0x40 kernel/exception.o
 .pdr           0x0000000000000860       0x20 kernel/halt.o
 .pdr           0x0000000000000880      0x100 lib/libc.o
 .pdr           0x0000000000000980       0xe0 lib/xprintf.o
 .pdr           0x0000000000000a60       0xa0 lib/bitmap.o
 .pdr           0x0000000000000b00       0x20 lib/debug.o
 .pdr           0x0000000000000b20       0x60 drivers/polltty.o
 .pdr           0x0000000000000b80       0x20 drivers/timer.o
 .pdr           0x0000000000000ba0       0x40 drivers/bootargs.o
 .pdr           0x0000000000000be0       0x40 drivers/device.o
 .pdr           0x0000000000000c20        0x0 drivers/drivers.o
 .pdr           0x0000000000000c20       0x80 drivers/tty.o
 .pdr           0x0000000000000ca0      0x100 drivers/disk.o
 .pdr           0x0000000000000da0       0x20 drivers/disksched.o
 .pdr           0x0000000000000dc0      0x180 drivers/metadev.o
 .pdr           0x0000000000000f40       0x20 proc/exception.o
 .pdr           0x0000000000000f60       0x20 proc/elf.o
 .pdr           0x0000000000000f80      0x100 proc/process.o
 .pdr           0x0000000000001080       0x60 proc/syscall.o
 .pdr           0x00000000000010e0       0xc0 vm/vm.o
 .pdr           0x00000000000011a0       0x60 vm/pagepool.o
 .pdr           0x0000000000001200       0x80 vm/tlb.o
 .pdr           0x0000000000001280      0x260 fs/vfs.o
 .pdr           0x00000000000014e0      0x120 fs/tfs.o
 .pdr           0x0000000000001600       0x20 fs/filesystems.o
 .pdr           0x0000000000001620      0x120 net/network.o
 .pdr           0x0000000000001740       0x40 net/protocols.o
 .pdr           0x0000000000001780       0x60 net/socket.o
 .pdr           0x00000000000017e0       0xa0 net/pop.o

.mdebug.abi32   0x0000000000000000        0x0
 .mdebug.abi32  0x0000000000000000        0x0 init/main.o
 .mdebug.abi32  0x0000000000000000        0x0 kernel/panic.o
 .mdebug.abi32  0x0000000000000000        0x0 kernel/kmalloc.o
 .mdebug.abi32  0x0000000000000000        0x0 kernel/interrupt.o
 .mdebug.abi32  0x0000000000000000        0x0 kernel/thread.o
 .mdebug.abi32  0x0000000000000000        0x0 kernel/scheduler.o
 .mdebug.abi32  0x0000000000000000        0x0 kernel/sleepq.o
 .mdebug.abi32  0x0000000000000000        0x0 kernel/semaphore.o
 .mdebug.abi32  0x0000000000000000        0x0 kernel/exception.o
 .mdebug.abi32  0x0000000000000000        0x0 kernel/halt.o
 .mdebug.abi32  0x0000000000000000        0x0 lib/libc.o
 .mdebug.abi32  0x0000000000000000        0x0 lib/xprintf.o
 .mdebug.abi32  0x0000000000000000        0x0 lib/bitmap.o
 .mdebug.abi32  0x0000000000000000        0x0 lib/debug.o
 .mdebug.abi32  0x0000000000000000        0x0 drivers/polltty.o
 .mdebug.abi32  0x0000000000000000        0x0 drivers/timer.o
 .mdebug.abi32  0x0000000000000000        0x0 drivers/bootargs.o
 .mdebug.abi32  0x0000000000000000        0x0 drivers/device.o
 .mdebug.abi32  0x0000000000000000        0x0 drivers/drivers.o
 .mdebug.abi32  0x0000000000000000        0x0 drivers/tty.o
 .mdebug.abi32  0x0000000000000000        0x0 drivers/disk.o
 .mdebug.abi32  0x0000000000000000        0x0 drivers/disksched.o
 .mdebug.abi32  0x0000000000000000        0x0 drivers/metadev.o
 .mdebug.abi32  0x0000000000000000        0x0 proc/exception.o
 .mdebug.abi32  0x0000000000000000        0x0 proc/elf.o
 .mdebug.abi32  0x0000000000000000        0x0 proc/process.o
 .mdebug.abi32  0x0000000000000000        0x0 proc/syscall.o
 .mdebug.abi32  0x0000000000000000        0x0 vm/vm.o
 .mdebug.abi32  0x0000000000000000        0x0 vm/pagepool.o
 .mdebug.abi32  0x0000000000000000        0x0 vm/tlb.o
 .mdebug.abi32  0x0000000000000000        0x0 fs/vfs.o
 .mdebug.abi32  0x0000000000000000        0x0 fs/tfs.o
 .mdebug.abi32  0x0000000000000000        0x0 fs/filesystems.o
 .mdebug.abi32  0x0000000000000000        0x0 net/network.o
 .mdebug.abi32  0x0000000000000000        0x0 net/protocols.o
 .mdebug.abi32  0x0000000000000000        0x0 net/socket.o
 .mdebug.abi32  0x0000000000000000        0x0 net/pop.o

.comment        0x0000000000000000       0x11
 .comment       0x0000000000000000       0x11 init/main.o
                                         0x12 (size before relaxing)
 .comment       0x0000000000000000       0x12 kernel/panic.o
 .comment       0x0000000000000000       0x12 kernel/kmalloc.o
 .comment       0x0000000000000000       0x12 kernel/interrupt.o
 .comment       0x0000000000000000       0x12 kernel/thread.o
 .comment       0x0000000000000000       0x12 kernel/scheduler.o
 .comment       0x0000000000000000       0x12 kernel/sleepq.o
 .comment       0x0000000000000000       0x12 kernel/semaphore.o
 .comment       0x0000000000000000       0x12 kernel/exception.o
 .comment       0x0000000000000000       0x12 kernel/halt.o
 .comment       0x0000000000000000       0x12 lib/libc.o
 .comment       0x0000000000000000       0x12 lib/xprintf.o
 .comment       0x0000000000000000       0x12 lib/bitmap.o
 .comment       0x0000000000000000       0x12 lib/debug.o
 .comment       0x0000000000000000       0x12 drivers/polltty.o
 .comment       0x0000000000000000       0x12 drivers/timer.o
 .comment       0x0000000000000000       0x12 drivers/bootargs.o
 .comment       0x0000000000000000       0x12 drivers/device.o
 .comment       0x0000000000000000       0x12 drivers/drivers.o
 .comment       0x0000000000000000       0x12 drivers/tty.o
 .comment       0x0000000000000000       0x12 drivers/disk.o
 .comment       0x0000000000000000       0x12 drivers/disksched.o
 .comment       0x0000000000000000       0x12 drivers/metadev.o
 .comment       0x0000000000000000       0x12 proc/exception.o
 .comment       0x0000000000000000       0x12 proc/elf.o
 .comment       0x0000000000000000       0x12 proc/process.o
 .comment       0x0000000000000000       0x12 proc/syscall.o
 .comment       0x0000000000000000       0x12 vm/vm.o
 .comment       0x0000000000000000       0x12 vm/pagepool.o
 .comment       0x0000000000000000       0x12 vm/tlb.o
 .comment       0x0000000000000000       0x12 fs/vfs.o
 .comment       0x0000000000000000       0x12 fs/tfs.o
 .comment       0x0000000000000000       0x12 fs/filesystems.o
 .comment       0x0000000000000000       0x12 net/network.o
 .comment       0x0000000000000000       0x12 net/protocols.o
 .comment       0x0000000000000000       0x12 net/socket.o
 .comment       0x0000000000000000       0x12 net/pop.o

.gnu.attributes
                0x0000000000000000       0x10
 .gnu.attributes
                0x0000000000000000       0x10 init/main.o
 .gnu.attributes
                0x0000000000000010       0x10 kernel/panic.o
 .gnu.attributes
                0x0000000000000020       0x10 kernel/kmalloc.o
 .gnu.attributes
                0x0000000000000030       0x10 kernel/interrupt.o
 .gnu.attributes
                0x0000000000000040       0x10 kernel/thread.o
 .gnu.attributes
                0x0000000000000050       0x10 kernel/scheduler.o
 .gnu.attributes
                0x0000000000000060       0x10 kernel/sleepq.o
 .gnu.attributes
                0x0000000000000070       0x10 kernel/semaphore.o
 .gnu.attributes
                0x0000000000000080       0x10 kernel/exception.o
 .gnu.attributes
                0x0000000000000090       0x10 kernel/halt.o
 .gnu.attributes
                0x00000000000000a0       0x10 lib/libc.o
 .gnu.attributes
                0x00000000000000b0       0x10 lib/xprintf.o
 .gnu.attributes
                0x00000000000000c0       0x10 lib/bitmap.o
 .gnu.attributes
                0x00000000000000d0       0x10 lib/debug.o
 .gnu.attributes
                0x00000000000000e0       0x10 drivers/polltty.o
 .gnu.attributes
                0x00000000000000f0       0x10 drivers/timer.o
 .gnu.attributes
                0x0000000000000100       0x10 drivers/bootargs.o
 .gnu.attributes
                0x0000000000000110       0x10 drivers/device.o
 .gnu.attributes
                0x0000000000000120       0x10 drivers/drivers.o
 .gnu.attributes
                0x0000000000000130       0x10 drivers/tty.o
 .gnu.attributes
                0x0000000000000140       0x10 drivers/disk.o
 .gnu.attributes
                0x0000000000000150       0x10 drivers/disksched.o
 .gnu.attributes
                0x0000000000000160       0x10 drivers/metadev.o
 .gnu.attributes
                0x0000000000000170       0x10 proc/exception.o
 .gnu.attributes
                0x0000000000000180       0x10 proc/elf.o
 .gnu.attributes
                0x0000000000000190       0x10 proc/process.o
 .gnu.attributes
                0x00000000000001a0       0x10 proc/syscall.o
 .gnu.attributes
                0x00000000000001b0       0x10 vm/vm.o
 .gnu.attributes
                0x00000000000001c0       0x10 vm/pagepool.o
 .gnu.attributes
                0x00000000000001d0       0x10 vm/tlb.o
 .gnu.attributes
                0x00000000000001e0       0x10 fs/vfs.o
 .gnu.attributes
                0x00000000000001f0       0x10 fs/tfs.o
 .gnu.attributes
                0x0000000000000200       0x10 fs/filesystems.o
 .gnu.attributes
                0x0000000000000210       0x10 net/network.o
 .gnu.attributes
                0x0000000000000220       0x10 net/protocols.o
 .gnu.attributes
                0x0000000000000230       0x10 net/socket.o
 .gnu.attributes
                0x0000000000000240       0x10 net/pop.o

.stab           0x0000000000000000     0x1560
 .stab          0x0000000000000000       0xfc init/_boot.o
 .stab          0x00000000000000fc      0x9d8 kernel/cswitch.o
                                        0x9e4 (size before relaxing)
 .stab          0x0000000000000ad4      0x3f0 kernel/_interrupt.o
                                        0x3fc (size before relaxing)
 .stab          0x0000000000000ec4       0xb4 kernel/_spinlock.o
                                         0xc0 (size before relaxing)
 .stab          0x0000000000000f78       0x54 kernel/idle.o
                                         0x60 (size before relaxing)
 .stab          0x0000000000000fcc       0xe4 lib/rand.o
                                         0xf0 (size before relaxing)
 .stab          0x00000000000010b0       0x6c drivers/_timer.o
                                         0x78 (size before relaxing)
 .stab          0x000000000000111c      0x444 vm/_tlb.o
                                        0x450 (size before relaxing)

.stabstr        0x0000000000000000      0x3a9
 .stabstr       0x0000000000000000      0x3a9 init/_boot.o

.debug_info     0x0000000000000000     0xda5e
 .debug_info    0x0000000000000000      0xae3 init/main.o
 .debug_info    0x0000000000000ae3      0x16e kernel/panic.o
 .debug_info    0x0000000000000c51      0x33d kernel/kmalloc.o
 .debug_info    0x0000000000000f8e      0x725 kernel/interrupt.o
 .debug_info    0x00000000000016b3      0x7c5 kernel/thread.o
 .debug_info    0x0000000000001e78      0x622 kernel/scheduler.o
 .debug_info    0x000000000000249a      0x71f kernel/sleepq.o
 .debug_info    0x0000000000002bb9      0x463 kernel/semaphore.o
 .debug_info    0x000000000000301c      0x42f kernel/exception.o
 .debug_info    0x000000000000344b      0x10c kernel/halt.o
 .debug_info    0x0000000000003557      0x349 lib/libc.o
 .debug_info    0x00000000000038a0      0xa5e lib/xprintf.o
 .debug_info    0x00000000000042fe      0x332 lib/bitmap.o
 .debug_info    0x0000000000004630      0x135 lib/debug.o
 .debug_info    0x0000000000004765      0x1aa drivers/polltty.o
 .debug_info    0x000000000000490f       0xfe drivers/timer.o
 .debug_info    0x0000000000004a0d      0x22b drivers/bootargs.o
 .debug_info    0x0000000000004c38      0x325 drivers/device.o
 .debug_info    0x0000000000004f5d      0x1c2 drivers/drivers.o
 .debug_info    0x000000000000511f      0x7c7 drivers/tty.o
 .debug_info    0x00000000000058e6      0xaac drivers/disk.o
 .debug_info    0x0000000000006392      0x1b1 drivers/disksched.o
 .debug_info    0x0000000000006543      0x791 drivers/metadev.o
 .debug_info    0x0000000000006cd4      0x5cf proc/exception.o
 .debug_info    0x00000000000072a3      0x3d0 proc/elf.o
 .debug_info    0x0000000000007673     0x10d1 proc/process.o
 .debug_info    0x0000000000008744      0x4c1 proc/syscall.o
 .debug_info    0x0000000000008c05      0x49b vm/vm.o
 .debug_info    0x00000000000090a0      0x49f vm/pagepool.o
 .debug_info    0x000000000000953f      0x330 vm/tlb.o
 .debug_info    0x000000000000986f     0x14b7 fs/vfs.o
 .debug_info    0x000000000000ad26      0xfa4 fs/tfs.o
 .debug_info    0x000000000000bcca      0x501 fs/filesystems.o
 .debug_info    0x000000000000c1cb      0x9de net/network.o
 .debug_info    0x000000000000cba9      0x170 net/protocols.o
 .debug_info    0x000000000000cd19      0x3cb net/socket.o
 .debug_info    0x000000000000d0e4      0x97a net/pop.o

.debug_abbrev   0x0000000000000000     0x40d9
 .debug_abbrev  0x0000000000000000      0x1e1 init/main.o
 .debug_abbrev  0x00000000000001e1       0xf6 kernel/panic.o
 .debug_abbrev  0x00000000000002d7      0x1be kernel/kmalloc.o
 .debug_abbrev  0x0000000000000495      0x231 kernel/interrupt.o
 .debug_abbrev  0x00000000000006c6      0x272 kernel/thread.o
 .debug_abbrev  0x0000000000000938      0x225 kernel/scheduler.o
 .debug_abbrev  0x0000000000000b5d      0x209 kernel/sleepq.o
 .debug_abbrev  0x0000000000000d66      0x1a6 kernel/semaphore.o
 .debug_abbrev  0x0000000000000f0c      0x16a kernel/exception.o
 .debug_abbrev  0x0000000000001076       0xd6 kernel/halt.o
 .debug_abbrev  0x000000000000114c      0x147 lib/libc.o
 .debug_abbrev  0x0000000000001293      0x24a lib/xprintf.o
 .debug_abbrev  0x00000000000014dd      0x160 lib/bitmap.o
 .debug_abbrev  0x000000000000163d       0xde lib/debug.o
 .debug_abbrev  0x000000000000171b       0xfb drivers/polltty.o
 .debug_abbrev  0x0000000000001816       0xc8 drivers/timer.o
 .debug_abbrev  0x00000000000018de      0x1ab drivers/bootargs.o
 .debug_abbrev  0x0000000000001a89      0x1d2 drivers/device.o
 .debug_abbrev  0x0000000000001c5b       0xaa drivers/drivers.o
 .debug_abbrev  0x0000000000001d05      0x275 drivers/tty.o
 .debug_abbrev  0x0000000000001f7a      0x311 drivers/disk.o
 .debug_abbrev  0x000000000000228b       0xd6 drivers/disksched.o
 .debug_abbrev  0x0000000000002361      0x254 drivers/metadev.o
 .debug_abbrev  0x00000000000025b5      0x1a0 proc/exception.o
 .debug_abbrev  0x0000000000002755      0x15c proc/elf.o
 .debug_abbrev  0x00000000000028b1      0x2c6 proc/process.o
 .debug_abbrev  0x0000000000002b77      0x1ec proc/syscall.o
 .debug_abbrev  0x0000000000002d63      0x1d4 vm/vm.o
 .debug_abbrev  0x0000000000002f37      0x178 vm/pagepool.o
 .debug_abbrev  0x00000000000030af      0x16e vm/tlb.o
 .debug_abbrev  0x000000000000321d      0x31e fs/vfs.o
 .debug_abbrev  0x000000000000353b      0x269 fs/tfs.o
 .debug_abbrev  0x00000000000037a4      0x154 fs/filesystems.o
 .debug_abbrev  0x00000000000038f8      0x34d net/network.o
 .debug_abbrev  0x0000000000003c45       0xf3 net/protocols.o
 .debug_abbrev  0x0000000000003d38      0x196 net/socket.o
 .debug_abbrev  0x0000000000003ece      0x20b net/pop.o

.debug_loc      0x0000000000000000     0x6fe1
 .debug_loc     0x0000000000000000      0x10a init/main.o
 .debug_loc     0x000000000000010a       0x97 kernel/panic.o
 .debug_loc     0x00000000000001a1       0xed kernel/kmalloc.o
 .debug_loc     0x000000000000028e      0x23c kernel/interrupt.o
 .debug_loc     0x00000000000004ca      0x238 kernel/thread.o
 .debug_loc     0x0000000000000702      0x186 kernel/scheduler.o
 .debug_loc     0x0000000000000888      0x317 kernel/sleepq.o
 .debug_loc     0x0000000000000b9f      0x228 kernel/semaphore.o
 .debug_loc     0x0000000000000dc7       0x60 kernel/exception.o
 .debug_loc     0x0000000000000e27      0x5eb lib/libc.o
 .debug_loc     0x0000000000001412     0x136b lib/xprintf.o
 .debug_loc     0x000000000000277d      0x59e lib/bitmap.o
 .debug_loc     0x0000000000002d1b       0x4d lib/debug.o
 .debug_loc     0x0000000000002d68       0x43 drivers/polltty.o
 .debug_loc     0x0000000000002dab       0x4a drivers/timer.o
 .debug_loc     0x0000000000002df5      0x24f drivers/bootargs.o
 .debug_loc     0x0000000000003044      0x123 drivers/device.o
 .debug_loc     0x0000000000003167      0x3ed drivers/tty.o
 .debug_loc     0x0000000000003554      0x4da drivers/disk.o
 .debug_loc     0x0000000000003a2e      0x3bb drivers/metadev.o
 .debug_loc     0x0000000000003de9       0x55 proc/exception.o
 .debug_loc     0x0000000000003e3e       0xb8 proc/elf.o
 .debug_loc     0x0000000000003ef6      0x450 proc/process.o
 .debug_loc     0x0000000000004346      0x2c5 proc/syscall.o
 .debug_loc     0x000000000000460b      0x2a7 vm/vm.o
 .debug_loc     0x00000000000048b2      0x143 vm/pagepool.o
 .debug_loc     0x00000000000049f5       0x42 vm/tlb.o
 .debug_loc     0x0000000000004a37      0xb9c fs/vfs.o
 .debug_loc     0x00000000000055d3      0xb4a fs/tfs.o
 .debug_loc     0x000000000000611d       0xa7 fs/filesystems.o
 .debug_loc     0x00000000000061c4      0x680 net/network.o
 .debug_loc     0x0000000000006844       0x7f net/protocols.o
 .debug_loc     0x00000000000068c3      0x188 net/socket.o
 .debug_loc     0x0000000000006a4b      0x596 net/pop.o

.debug_aranges  0x0000000000000000      0x498
 .debug_aranges
                0x0000000000000000       0x20 init/main.o
 .debug_aranges
                0x0000000000000020       0x20 kernel/panic.o
 .debug_aranges
                0x0000000000000040       0x20 kernel/kmalloc.o
 .debug_aranges
                0x0000000000000060       0x20 kernel/interrupt.o
 .debug_aranges
                0x0000000000000080       0x20 kernel/thread.o
 .debug_aranges
                0x00000000000000a0       0x20 kernel/scheduler.o
 .debug_aranges
                0x00000000000000c0       0x20 kernel/sleepq.o
 .debug_aranges
                0x00000000000000e0       0x20 kernel/semaphore.o
 .debug_aranges
                0x0000000000000100       0x20 kernel/exception.o
 .debug_aranges
                0x0000000000000120       0x20 kernel/halt.o
 .debug_aranges
                0x0000000000000140       0x20 lib/libc.o
 .debug_aranges
                0x0000000000000160       0x20 lib/xprintf.o
 .debug_aranges
                0x0000000000000180       0x20 lib/bitmap.o
 .debug_aranges
                0x00000000000001a0       0x20 lib/debug.o
 .debug_aranges
                0x00000000000001c0       0x20 drivers/polltty.o
 .debug_aranges
                0x00000000000001e0       0x20 drivers/timer.o
 .debug_aranges
                0x0000000000000200       0x20 drivers/bootargs.o
 .debug_aranges
                0x0000000000000220       0x20 drivers/device.o
 .debug_aranges
                0x0000000000000240       0x18 drivers/drivers.o
 .debug_aranges
                0x0000000000000258       0x20 drivers/tty.o
 .debug_aranges
                0x0000000000000278       0x20 drivers/disk.o
 .debug_aranges
                0x0000000000000298       0x20 drivers/disksched.o
 .debug_aranges
                0x00000000000002b8       0x20 drivers/metadev.o
 .debug_aranges
                0x00000000000002d8       0x20 proc/exception.o
 .debug_aranges
                0x00000000000002f8       0x20 proc/elf.o
 .debug_aranges
                0x0000000000000318       0x20 proc/process.o
 .debug_aranges
                0x0000000000000338       0x20 proc/syscall.o
 .debug_aranges
                0x0000000000000358       0x20 vm/vm.o
 .debug_aranges
                0x0000000000000378       0x20 vm/pagepool.o
 .debug_aranges
                0x0000000000000398       0x20 vm/tlb.o
 .debug_aranges
                0x00000000000003b8       0x20 fs/vfs.o
 .debug_aranges
                0x00000000000003d8       0x20 fs/tfs.o
 .debug_aranges
                0x00000000000003f8       0x20 fs/filesystems.o
 .debug_aranges
                0x0000000000000418       0x20 net/network.o
 .debug_aranges
                0x0000000000000438       0x20 net/protocols.o
 .debug_aranges
                0x0000000000000458       0x20 net/socket.o
 .debug_aranges
                0x0000000000000478       0x20 net/pop.o

.debug_ranges   0x0000000000000000      0x380
 .debug_ranges  0x0000000000000000       0x20 init/main.o
 .debug_ranges  0x0000000000000020       0x28 kernel/thread.o
 .debug_ranges  0x0000000000000048       0x20 kernel/scheduler.o
 .debug_ranges  0x0000000000000068      0x128 lib/xprintf.o
 .debug_ranges  0x0000000000000190       0x18 lib/bitmap.o
 .debug_ranges  0x00000000000001a8       0x20 drivers/device.o
 .debug_ranges  0x00000000000001c8       0x40 drivers/tty.o
 .debug_ranges  0x0000000000000208       0x20 drivers/disk.o
 .debug_ranges  0x0000000000000228       0x30 proc/process.o
 .debug_ranges  0x0000000000000258       0x20 proc/syscall.o
 .debug_ranges  0x0000000000000278       0x40 fs/vfs.o
 .debug_ranges  0x00000000000002b8       0xb0 net/network.o
 .debug_ranges  0x0000000000000368       0x18 net/socket.o

.debug_line     0x0000000000000000     0x3433
 .debug_line    0x0000000000000000      0x200 init/main.o
 .debug_line    0x0000000000000200       0x90 kernel/panic.o
 .debug_line    0x0000000000000290       0xe5 kernel/kmalloc.o
 .debug_line    0x0000000000000375      0x1a7 kernel/interrupt.o
 .debug_line    0x000000000000051c      0x1cc kernel/thread.o
 .debug_line    0x00000000000006e8      0x177 kernel/scheduler.o
 .debug_line    0x000000000000085f      0x1ad kernel/sleepq.o
 .debug_line    0x0000000000000a0c      0x11e kernel/semaphore.o
 .debug_line    0x0000000000000b2a       0xd1 kernel/exception.o
 .debug_line    0x0000000000000bfb       0x84 kernel/halt.o
 .debug_line    0x0000000000000c7f      0x174 lib/libc.o
 .debug_line    0x0000000000000df3      0x2e2 lib/xprintf.o
 .debug_line    0x00000000000010d5      0x129 lib/bitmap.o
 .debug_line    0x00000000000011fe       0xa7 lib/debug.o
 .debug_line    0x00000000000012a5       0x95 drivers/polltty.o
 .debug_line    0x000000000000133a       0x6e drivers/timer.o
 .debug_line    0x00000000000013a8       0xf6 drivers/bootargs.o
 .debug_line    0x000000000000149e       0xe5 drivers/device.o
 .debug_line    0x0000000000001583       0x70 drivers/drivers.o
 .debug_line    0x00000000000015f3      0x1f8 drivers/tty.o
 .debug_line    0x00000000000017eb      0x1ed drivers/disk.o
 .debug_line    0x00000000000019d8       0x9f drivers/disksched.o
 .debug_line    0x0000000000001a77      0x185 drivers/metadev.o
 .debug_line    0x0000000000001bfc       0xf5 proc/exception.o
 .debug_line    0x0000000000001cf1       0xd4 proc/elf.o
 .debug_line    0x0000000000001dc5      0x29b proc/process.o
 .debug_line    0x0000000000002060      0x136 proc/syscall.o
 .debug_line    0x0000000000002196      0x17b vm/vm.o
 .debug_line    0x0000000000002311      0x111 vm/pagepool.o
 .debug_line    0x0000000000002422       0x95 vm/tlb.o
 .debug_line    0x00000000000024b7      0x39a fs/vfs.o
 .debug_line    0x0000000000002851      0x3f9 fs/tfs.o
 .debug_line    0x0000000000002c4a       0xea fs/filesystems.o
 .debug_line    0x0000000000002d34      0x20c net/network.o
 .debug_line    0x0000000000002f40       0x92 net/protocols.o
 .debug_line    0x0000000000002fd2      0x173 net/socket.o
 .debug_line    0x0000000000003145      0x2ee net/pop.o

.debug_str      0x0000000000000000     0x1ba4
 .debug_str     0x0000000000000000      0x34e init/main.o
                                        0x3b5 (size before relaxing)
 .debug_str     0x000000000000034e       0x45 kernel/panic.o
                                        0x14d (size before relaxing)
 .debug_str     0x0000000000000393       0xb4 kernel/kmalloc.o
                                        0x1f3 (size before relaxing)
 .debug_str     0x0000000000000447      0x230 kernel/interrupt.o
                                        0x40d (size before relaxing)
 .debug_str     0x0000000000000677      0x13a kernel/thread.o
                                        0x443 (size before relaxing)
 .debug_str     0x00000000000007b1       0x72 kernel/scheduler.o
                                        0x3dc (size before relaxing)
 .debug_str     0x0000000000000823       0x8e kernel/sleepq.o
                                        0x3bb (size before relaxing)
 .debug_str     0x00000000000008b1       0x8f kernel/semaphore.o
                                        0x256 (size before relaxing)
 .debug_str     0x0000000000000940       0xa3 kernel/exception.o
                                        0x1e0 (size before relaxing)
 .debug_str     0x00000000000009e3       0x19 kernel/halt.o
                                        0x107 (size before relaxing)
 .debug_str     0x00000000000009fc       0x74 lib/libc.o
                                        0x171 (size before relaxing)
 .debug_str     0x0000000000000a70       0x9d lib/xprintf.o
                                        0x225 (size before relaxing)
 .debug_str     0x0000000000000b0d       0x6e lib/bitmap.o
                                        0x14f (size before relaxing)
 .debug_str     0x0000000000000b7b       0x27 lib/debug.o
                                        0x12b (size before relaxing)
 .debug_str     0x0000000000000ba2       0x3c drivers/polltty.o
                                        0x18a (size before relaxing)
 .debug_str     0x0000000000000bde       0x21 drivers/timer.o
                                        0x14f (size before relaxing)
 .debug_str     0x0000000000000bff       0x5c drivers/bootargs.o
                                        0x162 (size before relaxing)
 .debug_str     0x0000000000000c5b       0x74 drivers/device.o
                                        0x1eb (size before relaxing)
 .debug_str     0x0000000000000ccf       0x12 drivers/drivers.o
                                        0x19b (size before relaxing)
 .debug_str     0x0000000000000ce1       0xa4 drivers/tty.o
                                        0x339 (size before relaxing)
 .debug_str     0x0000000000000d85      0x195 drivers/disk.o
                                        0x461 (size before relaxing)
 .debug_str     0x0000000000000f1a       0x14 drivers/disksched.o
                                        0x1ba (size before relaxing)
 .debug_str     0x0000000000000f2e      0x121 drivers/metadev.o
                                        0x389 (size before relaxing)
 .debug_str     0x000000000000104f       0x3f proc/exception.o
                                        0x311 (size before relaxing)
 .debug_str     0x000000000000108e      0x1a5 proc/elf.o
                                        0x285 (size before relaxing)
 .debug_str     0x0000000000001233      0x14c proc/process.o
                                        0x5c4 (size before relaxing)
 .debug_str     0x000000000000137f       0x2a proc/syscall.o
                                        0x24c (size before relaxing)
 .debug_str     0x00000000000013a9       0x40 vm/vm.o
                                        0x221 (size before relaxing)
 .debug_str     0x00000000000013e9       0x70 vm/pagepool.o
                                        0x2b0 (size before relaxing)
 .debug_str     0x0000000000001459       0x60 vm/tlb.o
                                        0x1cc (size before relaxing)
 .debug_str     0x00000000000014b9      0x1b9 fs/vfs.o
                                        0x50a (size before relaxing)
 .debug_str     0x0000000000001672       0xd2 fs/tfs.o
                                        0x48c (size before relaxing)
 .debug_str     0x0000000000001744       0x34 fs/filesystems.o
                                        0x308 (size before relaxing)
 .debug_str     0x0000000000001778      0x222 net/network.o
                                        0x448 (size before relaxing)
 .debug_str     0x000000000000199a       0x36 net/protocols.o
                                        0x173 (size before relaxing)
 .debug_str     0x00000000000019d0       0xa1 net/socket.o
                                        0x232 (size before relaxing)
 .debug_str     0x0000000000001a71      0x133 net/pop.o
                                        0x3c6 (size before relaxing)

.debug_frame    0x0000000000000000     0x19dc
 .debug_frame   0x0000000000000000       0x88 init/main.o
 .debug_frame   0x0000000000000088       0x38 kernel/panic.o
 .debug_frame   0x00000000000000c0       0x9c kernel/kmalloc.o
 .debug_frame   0x000000000000015c       0x98 kernel/interrupt.o
 .debug_frame   0x00000000000001f4      0x120 kernel/thread.o
 .debug_frame   0x0000000000000314       0xa4 kernel/scheduler.o
 .debug_frame   0x00000000000003b8       0xc8 kernel/sleepq.o
 .debug_frame   0x0000000000000480       0xc8 kernel/semaphore.o
 .debug_frame   0x0000000000000548       0x50 kernel/exception.o
 .debug_frame   0x0000000000000598       0x2c kernel/halt.o
 .debug_frame   0x00000000000005c4       0xb8 lib/libc.o
 .debug_frame   0x000000000000067c      0x118 lib/xprintf.o
 .debug_frame   0x0000000000000794       0xe4 lib/bitmap.o
 .debug_frame   0x0000000000000878       0x30 lib/debug.o
 .debug_frame   0x00000000000008a8       0x40 drivers/polltty.o
 .debug_frame   0x00000000000008e8       0x30 drivers/timer.o
 .debug_frame   0x0000000000000918       0x4c drivers/bootargs.o
 .debug_frame   0x0000000000000964       0x54 drivers/device.o
 .debug_frame   0x00000000000009b8       0xd4 drivers/tty.o
 .debug_frame   0x0000000000000a8c      0x144 drivers/disk.o
 .debug_frame   0x0000000000000bd0       0x20 drivers/disksched.o
 .debug_frame   0x0000000000000bf0      0x17c drivers/metadev.o
 .debug_frame   0x0000000000000d6c       0x34 proc/exception.o
 .debug_frame   0x0000000000000da0       0x48 proc/elf.o
 .debug_frame   0x0000000000000de8      0x130 proc/process.o
 .debug_frame   0x0000000000000f18       0x98 proc/syscall.o
 .debug_frame   0x0000000000000fb0       0xf0 vm/vm.o
 .debug_frame   0x00000000000010a0       0x8c vm/pagepool.o
 .debug_frame   0x000000000000112c       0x6c vm/tlb.o
 .debug_frame   0x0000000000001198      0x344 fs/vfs.o
 .debug_frame   0x00000000000014dc      0x1d0 fs/tfs.o
 .debug_frame   0x00000000000016ac       0x40 fs/filesystems.o
 .debug_frame   0x00000000000016ec      0x110 net/network.o
 .debug_frame   0x00000000000017fc       0x40 net/protocols.o
 .debug_frame   0x000000000000183c       0xa4 net/socket.o
 .debug_frame   0x00000000000018e0       0xfc net/pop.o

Cross Reference Table

Symbol                                            File
DEBUG                                             lib/debug.o
                                                  init/main.o
KERNEL_ENDS_HERE                                  kernel/kmalloc.o
_cswitch_switch                                   kernel/cswitch.o
_cswitch_to_userland                              kernel/cswitch.o
                                                  kernel/thread.o
_cswitch_vector_code                              kernel/cswitch.o
                                                  kernel/interrupt.o
_get_rand                                         lib/rand.o
                                                  kernel/scheduler.o
_idle_thread_wait_loop                            kernel/idle.o
                                                  kernel/thread.o
                                                  init/_boot.o
_interrupt_clear_EXL                              kernel/_interrupt.o
                                                  proc/exception.o
                                                  kernel/exception.o
_interrupt_clear_bootstrap                        kernel/_interrupt.o
                                                  init/main.o
                                                  init/_boot.o
_interrupt_clear_sw                               kernel/_interrupt.o
_interrupt_clear_sw0                              kernel/_interrupt.o
                                                  kernel/interrupt.o
_interrupt_clear_sw1                              kernel/_interrupt.o
_interrupt_disable                                kernel/_interrupt.o
                                                  vm/pagepool.o
                                                  proc/process.o
                                                  proc/exception.o
                                                  drivers/metadev.o
                                                  drivers/disk.o
                                                  drivers/tty.o
                                                  drivers/timer.o
                                                  lib/xprintf.o
                                                  kernel/exception.o
                                                  kernel/semaphore.o
                                                  kernel/sleepq.o
                                                  kernel/scheduler.o
                                                  kernel/thread.o
                                                  kernel/panic.o
_interrupt_enable                                 kernel/_interrupt.o
                                                  proc/exception.o
                                                  kernel/thread.o
                                                  init/main.o
                                                  init/_boot.o
_interrupt_generate_sw0                           kernel/_interrupt.o
                                                  kernel/thread.o
                                                  init/_boot.o
_interrupt_get_state                              kernel/_interrupt.o
                                                  kernel/sleepq.o
_interrupt_getcpu                                 kernel/_interrupt.o
                                                  drivers/metadev.o
                                                  kernel/scheduler.o
                                                  kernel/thread.o
                                                  kernel/interrupt.o
                                                  kernel/panic.o
_interrupt_set_EXL                                kernel/_interrupt.o
                                                  proc/exception.o
                                                  kernel/exception.o
_interrupt_set_state                              kernel/_interrupt.o
                                                  vm/pagepool.o
                                                  proc/process.o
                                                  drivers/metadev.o
                                                  drivers/disk.o
                                                  drivers/tty.o
                                                  drivers/timer.o
                                                  lib/xprintf.o
                                                  kernel/exception.o
                                                  kernel/semaphore.o
                                                  kernel/sleepq.o
                                                  kernel/scheduler.o
                                                  kernel/thread.o
_kernel_panic                                     kernel/panic.o
                                                  net/pop.o
                                                  net/socket.o
                                                  net/network.o
                                                  fs/vfs.o
                                                  vm/tlb.o
                                                  vm/pagepool.o
                                                  vm/vm.o
                                                  proc/syscall.o
                                                  proc/process.o
                                                  proc/exception.o
                                                  drivers/metadev.o
                                                  drivers/disk.o
                                                  drivers/tty.o
                                                  lib/bitmap.o
                                                  kernel/exception.o
                                                  kernel/semaphore.o
                                                  kernel/sleepq.o
                                                  kernel/scheduler.o
                                                  kernel/thread.o
                                                  kernel/interrupt.o
                                                  kernel/kmalloc.o
                                                  init/main.o
_set_rand_seed                                    lib/rand.o
                                                  init/main.o
_start                                            init/_boot.o
_timer_set_ticks                                  drivers/_timer.o
                                                  drivers/timer.o
_tlb_get_exception_state                          vm/_tlb.o
                                                  kernel/exception.o
_tlb_get_maxindex                                 vm/_tlb.o
                                                  vm/tlb.o
                                                  proc/process.o
_tlb_probe                                        vm/_tlb.o
_tlb_read                                         vm/_tlb.o
_tlb_set_asid                                     vm/_tlb.o
                                                  vm/tlb.o
_tlb_write                                        vm/_tlb.o
                                                  vm/tlb.o
_tlb_write_random                                 vm/_tlb.o
atoi                                              lib/libc.o
                                                  init/main.o
bitmap_findnset                                   lib/bitmap.o
                                                  fs/tfs.o
                                                  vm/pagepool.o
bitmap_get                                        lib/bitmap.o
                                                  fs/tfs.o
                                                  vm/pagepool.o
bitmap_init                                       lib/bitmap.o
                                                  vm/pagepool.o
bitmap_set                                        lib/bitmap.o
                                                  fs/tfs.o
                                                  vm/pagepool.o
bitmap_sizeof                                     lib/bitmap.o
                                                  vm/pagepool.o
bootargs_get                                      drivers/bootargs.o
                                                  lib/debug.o
                                                  init/main.o
bootargs_init                                     drivers/bootargs.o
                                                  init/main.o
cpustatus_count                                   drivers/metadev.o
                                                  init/main.o
cpustatus_generate_irq                            drivers/metadev.o
cpustatus_init                                    drivers/metadev.o
                                                  drivers/drivers.o
cpustatus_interrupt_handle                        drivers/metadev.o
device_get                                        drivers/device.o
                                                  net/network.o
                                                  fs/vfs.o
                                                  proc/syscall.o
                                                  init/main.o
device_init                                       drivers/device.o
                                                  init/main.o
disk_init                                         drivers/disk.o
                                                  drivers/drivers.o
disksched_schedule                                drivers/disksched.o
                                                  drivers/disk.o
drivers_available                                 drivers/drivers.o
                                                  drivers/device.o
elf_parse_header                                  proc/elf.o
                                                  proc/process.o
filesystems_try_all                               fs/filesystems.o
                                                  fs/vfs.o
halt_kernel                                       kernel/halt.o
                                                  proc/syscall.o
                                                  init/main.o
init                                              init/main.o
                                                  init/_boot.o
init_startup_fallback                             init/main.o
init_startup_thread                               init/main.o
interrupt_handle                                  kernel/interrupt.o
                                                  kernel/cswitch.o
interrupt_init                                    kernel/interrupt.o
                                                  init/main.o
interrupt_register                                kernel/interrupt.o
                                                  drivers/metadev.o
                                                  drivers/disk.o
                                                  drivers/tty.o
interrupt_stacks                                  kernel/interrupt.o
                                                  kernel/cswitch.o
kernel_bootstrap_finished                         init/main.o
                                                  init/_boot.o
kernel_exception_handle                           kernel/exception.o
                                                  kernel/cswitch.o
kmalloc                                           kernel/kmalloc.o
                                                  vm/pagepool.o
                                                  drivers/metadev.o
                                                  drivers/disk.o
                                                  drivers/tty.o
                                                  drivers/bootargs.o
                                                  kernel/interrupt.o
kmalloc_disable                                   kernel/kmalloc.o
                                                  vm/vm.o
kmalloc_get_numpages                              kernel/kmalloc.o
                                                  vm/pagepool.o
kmalloc_get_reserved_pages                        kernel/kmalloc.o
                                                  vm/pagepool.o
kmalloc_init                                      kernel/kmalloc.o
                                                  init/main.o
kprintf                                           lib/xprintf.o
                                                  net/network.o
                                                  fs/filesystems.o
                                                  fs/tfs.o
                                                  fs/vfs.o
                                                  vm/pagepool.o
                                                  vm/vm.o
                                                  proc/syscall.o
                                                  proc/process.o
                                                  drivers/metadev.o
                                                  drivers/disk.o
                                                  drivers/device.o
                                                  kernel/halt.o
                                                  kernel/exception.o
                                                  kernel/interrupt.o
                                                  kernel/kmalloc.o
                                                  kernel/panic.o
                                                  init/main.o
kprintf_slock                                     lib/xprintf.o
                                                  drivers/tty.o
kread                                             lib/libc.o
kvprintf                                          lib/xprintf.o
                                                  lib/debug.o
kwrite                                            lib/libc.o
                                                  init/main.o
memcopy                                           lib/libc.o
                                                  net/pop.o
                                                  net/network.o
                                                  fs/tfs.o
meminfo_get_pages                                 drivers/metadev.o
meminfo_init                                      drivers/metadev.o
                                                  drivers/drivers.o
memoryset                                         lib/libc.o
                                                  fs/tfs.o
                                                  proc/process.o
                                                  proc/elf.o
network_free_frame                                net/network.o
                                                  net/pop.o
network_get_broadcast_address                     net/network.o
network_get_loopback_address                      net/network.o
network_get_mtu                                   net/network.o
                                                  net/pop.o
network_get_source_address                        net/network.o
network_init                                      net/network.o
                                                  init/main.o
network_interfaces                                net/network.o
network_protocols                                 net/protocols.o
network_send                                      net/network.o
                                                  net/pop.o
open_sockets                                      net/socket.o
                                                  net/pop.o
open_sockets_sem                                  net/socket.o
                                                  net/pop.o
pagepool_free_phys_page                           vm/pagepool.o
                                                  net/network.o
                                                  fs/tfs.o
                                                  vm/vm.o
pagepool_get_phys_page                            vm/pagepool.o
                                                  net/pop.o
                                                  net/network.o
                                                  fs/tfs.o
                                                  vm/vm.o
                                                  proc/process.o
pagepool_init                                     vm/pagepool.o
                                                  vm/vm.o
polltty_getchar                                   drivers/polltty.o
                                                  lib/libc.o
polltty_init                                      drivers/polltty.o
                                                  init/main.o
polltty_putchar                                   drivers/polltty.o
                                                  lib/xprintf.o
                                                  lib/libc.o
pop_init                                          net/pop.o
                                                  net/protocols.o
pop_push_frame                                    net/pop.o
                                                  net/protocols.o
process_finish                                    proc/process.o
                                                  proc/syscall.o
process_get_current_process                       proc/process.o
process_get_current_process_entry                 proc/process.o
process_get_process_entry                         proc/process.o
process_init                                      proc/process.o
                                                  init/main.o
process_join                                      proc/process.o
                                                  proc/syscall.o
                                                  init/main.o
process_spawn                                     proc/process.o
                                                  proc/syscall.o
                                                  init/main.o
process_start                                     proc/process.o
process_table                                     proc/process.o
process_table_slock                               proc/process.o
protocols_get_frame_handler                       net/protocols.o
                                                  net/network.o
protocols_init                                    net/protocols.o
                                                  net/network.o
rtc_get_clockspeed                                drivers/metadev.o
rtc_get_msec                                      drivers/metadev.o
                                                  net/pop.o
rtc_init                                          drivers/metadev.o
                                                  drivers/drivers.o
scheduler_add_ready                               kernel/scheduler.o
                                                  kernel/thread.o
scheduler_add_to_ready_list                       kernel/scheduler.o
                                                  kernel/sleepq.o
scheduler_current_thread                          kernel/scheduler.o
                                                  kernel/thread.o
                                                  kernel/interrupt.o
                                                  kernel/cswitch.o
scheduler_init                                    kernel/scheduler.o
                                                  init/main.o
scheduler_schedule                                kernel/scheduler.o
                                                  kernel/interrupt.o
semaphore_P                                       kernel/semaphore.o
                                                  net/pop.o
                                                  net/socket.o
                                                  fs/tfs.o
                                                  fs/vfs.o
                                                  drivers/disk.o
semaphore_V                                       kernel/semaphore.o
                                                  net/pop.o
                                                  net/socket.o
                                                  fs/tfs.o
                                                  fs/vfs.o
                                                  drivers/disk.o
semaphore_create                                  kernel/semaphore.o
                                                  net/pop.o
                                                  net/socket.o
                                                  fs/tfs.o
                                                  fs/vfs.o
                                                  drivers/disk.o
semaphore_destroy                                 kernel/semaphore.o
                                                  net/socket.o
                                                  fs/tfs.o
                                                  drivers/disk.o
semaphore_init                                    kernel/semaphore.o
                                                  init/main.o
shutdown                                          drivers/metadev.o
                                                  kernel/halt.o
                                                  kernel/panic.o
shutdown_init                                     drivers/metadev.o
                                                  drivers/drivers.o
sleepq_add                                        kernel/sleepq.o
                                                  proc/process.o
                                                  drivers/tty.o
                                                  kernel/semaphore.o
sleepq_init                                       kernel/sleepq.o
                                                  init/main.o
sleepq_wake                                       kernel/sleepq.o
                                                  kernel/semaphore.o
sleepq_wake_all                                   kernel/sleepq.o
                                                  proc/process.o
                                                  drivers/tty.o
snprintf                                          lib/xprintf.o
                                                  init/main.o
socket_close                                      net/socket.o
socket_init                                       net/socket.o
                                                  net/network.o
socket_open                                       net/socket.o
socket_recvfrom                                   net/pop.o
socket_sendto                                     net/pop.o
spinlock_acquire                                  kernel/_spinlock.o
                                                  vm/pagepool.o
                                                  proc/process.o
                                                  drivers/metadev.o
                                                  drivers/disk.o
                                                  drivers/tty.o
                                                  lib/xprintf.o
                                                  kernel/semaphore.o
                                                  kernel/sleepq.o
                                                  kernel/scheduler.o
                                                  kernel/thread.o
spinlock_release                                  kernel/_spinlock.o
                                                  vm/pagepool.o
                                                  proc/process.o
                                                  drivers/metadev.o
                                                  drivers/disk.o
                                                  drivers/tty.o
                                                  lib/xprintf.o
                                                  kernel/semaphore.o
                                                  kernel/sleepq.o
                                                  kernel/scheduler.o
                                                  kernel/thread.o
spinlock_reset                                    kernel/_spinlock.o
                                                  vm/pagepool.o
                                                  proc/process.o
                                                  drivers/metadev.o
                                                  drivers/disk.o
                                                  drivers/tty.o
                                                  kernel/semaphore.o
                                                  kernel/sleepq.o
                                                  kernel/thread.o
stringcmp                                         lib/libc.o
                                                  fs/tfs.o
                                                  fs/vfs.o
stringcopy                                        lib/libc.o
                                                  fs/tfs.o
                                                  fs/vfs.o
                                                  proc/process.o
strlen                                            lib/libc.o
                                                  drivers/bootargs.o
syscall_handle                                    proc/syscall.o
                                                  proc/exception.o
syscall_read                                      proc/syscall.o
syscall_write                                     proc/syscall.o
tfs_close                                         fs/tfs.o
tfs_create                                        fs/tfs.o
tfs_getfree                                       fs/tfs.o
tfs_init                                          fs/tfs.o
                                                  fs/filesystems.o
tfs_open                                          fs/tfs.o
tfs_read                                          fs/tfs.o
tfs_remove                                        fs/tfs.o
tfs_unmount                                       fs/tfs.o
tfs_write                                         fs/tfs.o
thread_create                                     kernel/thread.o
                                                  net/pop.o
                                                  net/network.o
                                                  proc/process.o
                                                  init/main.o
thread_finish                                     kernel/thread.o
                                                  proc/process.o
thread_get_current_thread                         kernel/thread.o
                                                  proc/process.o
                                                  kernel/semaphore.o
                                                  kernel/sleepq.o
thread_get_current_thread_entry                   kernel/thread.o
                                                  proc/process.o
                                                  proc/exception.o
                                                  kernel/interrupt.o
thread_goto_userland                              kernel/thread.o
                                                  proc/process.o
thread_run                                        kernel/thread.o
                                                  net/pop.o
                                                  net/network.o
                                                  proc/process.o
                                                  init/main.o
thread_stack_areas                                kernel/thread.o
thread_switch                                     kernel/thread.o
                                                  proc/process.o
                                                  drivers/tty.o
                                                  kernel/semaphore.o
                                                  init/main.o
thread_table                                      kernel/thread.o
                                                  kernel/sleepq.o
                                                  kernel/scheduler.o
                                                  kernel/cswitch.o
thread_table_init                                 kernel/thread.o
                                                  init/main.o
thread_table_slock                                kernel/thread.o
                                                  kernel/sleepq.o
                                                  kernel/scheduler.o
timer_set_ticks                                   drivers/timer.o
                                                  kernel/scheduler.o
tlb_fill                                          vm/tlb.o
                                                  proc/process.o
                                                  kernel/interrupt.o
tlb_load_exception                                vm/tlb.o
tlb_modified_exception                            vm/tlb.o
tlb_store_exception                               vm/tlb.o
tty_init                                          drivers/tty.o
                                                  drivers/drivers.o
tty_interrupt_handle                              drivers/tty.o
user_exception_handle                             proc/exception.o
                                                  kernel/cswitch.o
vfs_close                                         fs/vfs.o
vfs_create                                        fs/vfs.o
vfs_deinit                                        fs/vfs.o
                                                  kernel/halt.o
vfs_getfree                                       fs/vfs.o
vfs_init                                          fs/vfs.o
                                                  init/main.o
vfs_mount                                         fs/vfs.o
vfs_mount_all                                     fs/vfs.o
                                                  init/main.o
vfs_mount_fs                                      fs/vfs.o
vfs_open                                          fs/vfs.o
                                                  proc/process.o
vfs_read                                          fs/vfs.o
                                                  proc/process.o
                                                  proc/elf.o
vfs_remove                                        fs/vfs.o
vfs_seek                                          fs/vfs.o
                                                  proc/process.o
                                                  proc/elf.o
vfs_unmount                                       fs/vfs.o
vfs_write                                         fs/vfs.o
vm_create_pagetable                               vm/vm.o
                                                  proc/process.o
vm_destroy_pagetable                              vm/vm.o
                                                  proc/process.o
vm_init                                           vm/vm.o
                                                  init/main.o
vm_map                                            vm/vm.o
                                                  proc/process.o
vm_set_dirty                                      vm/vm.o
                                                  proc/process.o
vm_unmap                                          vm/vm.o
vsnprintf                                         lib/xprintf.o
