
Allocating common symbols
Common symbol       size              file

interrupt_stacks    0x10              kernel/interrupt.o
thread_table        0x800             kernel/thread.o
open_sockets        0x700             net/socket.o
process_table_slock
                    0x4               proc/process.o
open_sockets_sem    0x4               net/socket.o
scheduler_current_thread
                    0x10              kernel/scheduler.o
process_table       0x10a00           proc/process.o
thread_stack_areas  0x20000           kernel/thread.o
thread_table_slock  0x4               kernel/thread.o
network_interfaces  0x30              net/network.o

Discarded input sections

 .reginfo       0x0000000000000000       0x18 kernel/cswitch.o
 .reginfo       0x0000000000000000       0x18 kernel/_interrupt.o
 .reginfo       0x0000000000000000       0x18 kernel/_spinlock.o
 .reginfo       0x0000000000000000       0x18 kernel/idle.o
 .reginfo       0x0000000000000000       0x18 lib/rand.o
 .reginfo       0x0000000000000000       0x18 drivers/_timer.o
 .reginfo       0x0000000000000000       0x18 vm/_tlb.o
 .reginfo       0x0000000000000000       0x18 init/main.o
 .reginfo       0x0000000000000000       0x18 kernel/panic.o
 .reginfo       0x0000000000000000       0x18 kernel/kmalloc.o
 .reginfo       0x0000000000000000       0x18 kernel/interrupt.o
 .reginfo       0x0000000000000000       0x18 kernel/thread.o
 .reginfo       0x0000000000000000       0x18 kernel/scheduler.o
 .reginfo       0x0000000000000000       0x18 kernel/sleepq.o
 .reginfo       0x0000000000000000       0x18 kernel/semaphore.o
 .reginfo       0x0000000000000000       0x18 kernel/exception.o
 .reginfo       0x0000000000000000       0x18 kernel/halt.o
 .reginfo       0x0000000000000000       0x18 lib/libc.o
 .reginfo       0x0000000000000000       0x18 lib/xprintf.o
 .reginfo       0x0000000000000000       0x18 lib/bitmap.o
 .reginfo       0x0000000000000000       0x18 lib/debug.o
 .reginfo       0x0000000000000000       0x18 drivers/polltty.o
 .reginfo       0x0000000000000000       0x18 drivers/timer.o
 .reginfo       0x0000000000000000       0x18 drivers/bootargs.o
 .reginfo       0x0000000000000000       0x18 drivers/device.o
 .reginfo       0x0000000000000000       0x18 drivers/drivers.o
 .reginfo       0x0000000000000000       0x18 drivers/tty.o
 .reginfo       0x0000000000000000       0x18 drivers/disk.o
 .reginfo       0x0000000000000000       0x18 drivers/disksched.o
 .reginfo       0x0000000000000000       0x18 drivers/metadev.o
 .reginfo       0x0000000000000000       0x18 proc/exception.o
 .reginfo       0x0000000000000000       0x18 proc/elf.o
 .reginfo       0x0000000000000000       0x18 proc/process.o
 .reginfo       0x0000000000000000       0x18 proc/syscall.o
 .reginfo       0x0000000000000000       0x18 proc/usr_sem.o
 .reginfo       0x0000000000000000       0x18 proc/io.o
 .reginfo       0x0000000000000000       0x18 vm/vm.o
 .reginfo       0x0000000000000000       0x18 vm/pagepool.o
 .reginfo       0x0000000000000000       0x18 vm/tlb.o
 .reginfo       0x0000000000000000       0x18 fs/gfs.o
 .reginfo       0x0000000000000000       0x18 fs/vfs.o
 .reginfo       0x0000000000000000       0x18 fs/tfs.o
 .reginfo       0x0000000000000000       0x18 fs/filesystems.o
 .reginfo       0x0000000000000000       0x18 net/network.o
 .reginfo       0x0000000000000000       0x18 net/protocols.o
 .reginfo       0x0000000000000000       0x18 net/socket.o
 .reginfo       0x0000000000000000       0x18 net/pop.o

Memory Configuration

Name             Origin             Length             Attributes
*default*        0x0000000000000000 0xffffffffffffffff

Linker script and memory map

                0x0000000080010000                . = 0x80010000

.text           0x0000000080010000     0xb9cc
 *(.text)
 .text          0x0000000080010000       0x60 init/_boot.o
                0x0000000080010000                _start
 .text          0x0000000080010060      0x350 kernel/cswitch.o
                0x0000000080010060                _cswitch_vector_code
                0x0000000080010080                _cswitch_switch
                0x0000000080010388                _cswitch_to_userland
 .text          0x00000000800103b0      0x120 kernel/_interrupt.o
                0x00000000800103b0                _interrupt_disable
                0x00000000800103cc                _interrupt_enable
                0x00000000800103e4                _interrupt_set_state
                0x0000000080010408                _interrupt_get_state
                0x0000000080010414                _interrupt_generate_sw0
                0x000000008001042c                _interrupt_clear_sw
                0x0000000080010444                _interrupt_clear_sw0
                0x000000008001045c                _interrupt_clear_sw1
                0x0000000080010474                _interrupt_clear_bootstrap
                0x0000000080010490                _interrupt_getcpu
                0x00000000800104a0                _interrupt_clear_EXL
                0x00000000800104b8                _interrupt_set_EXL
 .text          0x00000000800104d0       0x30 kernel/_spinlock.o
                0x00000000800104d0                spinlock_reset
                0x00000000800104d0                spinlock_release
                0x00000000800104dc                spinlock_acquire
 .text          0x0000000080010500        0xc kernel/idle.o
                0x0000000080010500                _idle_thread_wait_loop
 .text          0x000000008001050c       0x4c lib/rand.o
                0x000000008001050c                _set_rand_seed
                0x000000008001051c                _get_rand
 .text          0x0000000080010558       0x14 drivers/_timer.o
                0x0000000080010558                _timer_set_ticks
 .text          0x000000008001056c      0x15c vm/_tlb.o
                0x000000008001056c                _tlb_get_exception_state
                0x0000000080010590                _tlb_set_asid
                0x00000000800105b0                _tlb_get_maxindex
                0x00000000800105c4                _tlb_probe
                0x00000000800105dc                _tlb_read
                0x0000000080010640                _tlb_write
                0x00000000800106a4                _tlb_write_random
 .text          0x00000000800106c8      0x500 init/main.o
                0x00000000800106c8                init_startup_fallback
                0x0000000080010880                init_startup_thread
                0x000000008001097c                init
 .text          0x0000000080010bc8       0x68 kernel/panic.o
                0x0000000080010bc8                _kernel_panic
 .text          0x0000000080010c30      0x258 kernel/kmalloc.o
                0x0000000080010c30                kmalloc_get_numpages
                0x0000000080010cb4                kmalloc_get_reserved_pages
                0x0000000080010cdc                kmalloc_disable
                0x0000000080010cec                kmalloc_init
                0x0000000080010d64                kmalloc
 .text          0x0000000080010e88      0x338 kernel/interrupt.o
                0x0000000080010e88                interrupt_init
                0x0000000080010fa8                interrupt_register
                0x0000000080011078                interrupt_handle
 .text          0x00000000800111c0      0x40c kernel/thread.o
                0x00000000800111c0                thread_table_init
                0x0000000080011260                thread_create
                0x0000000080011400                thread_run
                0x0000000080011408                thread_switch
                0x0000000080011434                thread_get_current_thread
                0x0000000080011484                thread_finish
                0x0000000080011538                thread_get_current_thread_entry
                0x0000000080011594                thread_goto_userland
 .text          0x00000000800115cc      0x328 kernel/scheduler.o
                0x00000000800115cc                scheduler_init
                0x00000000800115e8                scheduler_add_to_ready_list
                0x00000000800116d4                scheduler_add_ready
                0x0000000080011744                scheduler_schedule
 .text          0x00000000800118f4      0x48c kernel/sleepq.o
                0x00000000800118f4                sleepq_init
                0x0000000080011920                sleepq_add
                0x0000000080011a78                sleepq_wake
                0x0000000080011be8                sleepq_wake_all
 .text          0x0000000080011d80      0x2a4 kernel/semaphore.o
                0x0000000080011d80                semaphore_init
                0x0000000080011dc8                semaphore_create
                0x0000000080011f10                semaphore_destroy
                0x0000000080011f1c                semaphore_P
                0x0000000080011fa4                semaphore_V
 .text          0x0000000080012024      0x290 kernel/exception.o
                0x000000008001205c                kernel_exception_handle
 .text          0x00000000800122b4       0x3c kernel/halt.o
                0x00000000800122b4                halt_kernel
 .text          0x00000000800122f0      0x3d4 lib/libc.o
                0x00000000800122f0                kwrite
                0x0000000080012338                kread
                0x00000000800123ac                stringcmp
                0x0000000080012414                stringcopy
                0x00000000800124b0                memcopy
                0x000000008001257c                memoryset
                0x00000000800125a4                atoi
                0x0000000080012688                strlen
 .text          0x00000000800126c4      0xa10 lib/xprintf.o
                0x0000000080012f68                kvprintf
                0x0000000080012ff0                kprintf
                0x0000000080013080                vsnprintf
                0x00000000800130a4                snprintf
 .text          0x00000000800130d4      0x3b8 lib/bitmap.o
                0x00000000800130d4                bitmap_sizeof
                0x00000000800130fc                bitmap_init
                0x0000000080013184                bitmap_get
                0x0000000080013254                bitmap_set
                0x0000000080013374                bitmap_findnset
 .text          0x000000008001348c       0x44 lib/debug.o
                0x000000008001348c                DEBUG
 .text          0x00000000800134d0       0xe8 drivers/polltty.o
                0x00000000800134d0                polltty_init
                0x0000000080013530                polltty_getchar
                0x0000000080013570                polltty_putchar
 .text          0x00000000800135b8       0x34 drivers/timer.o
                0x00000000800135b8                timer_set_ticks
 .text          0x00000000800135ec      0x27c drivers/bootargs.o
                0x00000000800135ec                bootargs_init
                0x00000000800137d4                bootargs_get
 .text          0x0000000080013868      0x1e4 drivers/device.o
                0x0000000080013868                device_init
                0x00000000800139ec                device_get
 .text          0x0000000080013a4c        0x0 drivers/drivers.o
 .text          0x0000000080013a4c      0x7c4 drivers/tty.o
                0x0000000080013dd8                tty_interrupt_handle
                0x0000000080014050                tty_init
 .text          0x0000000080014210      0x578 drivers/disk.o
                0x000000008001465c                disk_init
 .text          0x0000000080014788       0x3c drivers/disksched.o
                0x0000000080014788                disksched_schedule
 .text          0x00000000800147c4      0x484 drivers/metadev.o
                0x0000000080014850                cpustatus_interrupt_handle
                0x00000000800148dc                rtc_init
                0x000000008001494c                rtc_get_msec
                0x0000000080014964                rtc_get_clockspeed
                0x000000008001497c                meminfo_init
                0x00000000800149ec                meminfo_get_pages
                0x0000000080014a04                cpustatus_init
                0x0000000080014aa4                cpustatus_count
                0x0000000080014aec                cpustatus_generate_irq
                0x0000000080014b6c                shutdown_init
                0x0000000080014bdc                shutdown
 .text          0x0000000080014c48      0x234 proc/exception.o
                0x0000000080014c48                user_exception_handle
 .text          0x0000000080014e7c      0x22c proc/elf.o
                0x0000000080014e7c                elf_parse_header
 .text          0x00000000800150a8      0xacc proc/process.o
                0x00000000800150a8                process_start
                0x000000008001565c                process_reset
                0x0000000080015694                process_init
                0x00000000800156f4                alloc_process_id
                0x00000000800157a0                process_spawn
                0x0000000080015844                process_finish
                0x00000000800159cc                process_join
                0x0000000080015b14                process_get_current_process
                0x0000000080015b34                process_get_current_process_entry
 .text          0x0000000080015b74      0x7b8 proc/syscall.o
                0x0000000080015b74                syscall_exec
                0x0000000080015b7c                syscall_exit
                0x0000000080015b84                syscall_join
                0x0000000080015b8c                syscall_open
                0x0000000080015c50                syscall_close
                0x0000000080015cf4                syscall_seek
                0x0000000080015d90                syscall_read
                0x0000000080015e2c                syscall_write
                0x0000000080015ec8                syscall_create
                0x0000000080015f64                syscall_remove
                0x0000000080016000                syscall_tell
                0x00000000800160a4                syscall_handle
 .text          0x000000008001632c      0x31c proc/usr_sem.o
                0x000000008001632c                usr_sem_init
                0x000000008001636c                usr_sem_open
                0x00000000800164d8                usr_sem_p
                0x0000000080016544                usr_sem_v
                0x00000000800165b0                usr_sem_destroy
 .text          0x0000000080016648      0x2a8 proc/io.o
                0x0000000080016648                get_tty
                0x0000000080016680                tty_read
                0x00000000800166dc                tty_write_stdout
                0x0000000080016738                tty_set_red
                0x0000000080016778                tty_reset_red
                0x00000000800167b8                tty_write_stderr
                0x0000000080016860                io_read
                0x00000000800168ac                io_write
 .text          0x00000000800168f0      0x550 vm/vm.o
                0x00000000800168f0                vm_init
                0x000000008001690c                vm_create_pagetable
                0x0000000080016958                vm_destroy_pagetable
                0x0000000080016968                vm_map
                0x0000000080016c98                vm_unmap
                0x0000000080016ca0                vm_set_dirty
 .text          0x0000000080016e40      0x278 vm/pagepool.o
                0x0000000080016e40                pagepool_init
                0x0000000080016f14                pagepool_get_phys_page
                0x0000000080016fe0                pagepool_free_phys_page
 .text          0x00000000800170b8       0xd4 vm/tlb.o
                0x00000000800170b8                tlb_modified_exception
                0x00000000800170d0                tlb_load_exception
                0x00000000800170e8                tlb_store_exception
                0x0000000080017100                tlb_fill
 .text          0x000000008001718c     0x118c fs/gfs.o
                0x000000008001718c                gfs_close
                0x0000000080017194                gfs_unmount
                0x00000000800171ec                gfs_open
                0x00000000800172f4                gfs_create
                0x0000000080017650                gfs_remove
                0x00000000800178dc                gfs_read
                0x0000000080017b74                gfs_write
                0x0000000080018004                gfs_getfree
                0x00000000800180d8                gfs_init
 .text          0x0000000080018318     0x1264 fs/vfs.o
                0x00000000800185a4                vfs_init
                0x000000008001869c                vfs_deinit
                0x0000000080018808                vfs_mount
                0x000000008001899c                vfs_mount_fs
                0x0000000080018a9c                vfs_mount_all
                0x0000000080018b24                vfs_unmount
                0x0000000080018c98                vfs_open
                0x0000000080018e9c                vfs_close
                0x0000000080018f6c                vfs_seek
                0x0000000080019044                vfs_tell
                0x00000000800190f8                vfs_read
                0x0000000080019224                vfs_write
                0x0000000080019350                vfs_create
                0x0000000080019420                vfs_remove
                0x00000000800194e0                vfs_getfree
 .text          0x000000008001957c     0x103c fs/tfs.o
                0x000000008001957c                tfs_close
                0x0000000080019584                tfs_unmount
                0x00000000800195dc                tfs_open
                0x00000000800196e4                tfs_create
                0x0000000080019a40                tfs_remove
                0x0000000080019ccc                tfs_read
                0x0000000080019f64                tfs_write
                0x000000008001a2a4                tfs_getfree
                0x000000008001a378                tfs_init
 .text          0x000000008001a5b8       0xac fs/filesystems.o
                0x000000008001a5b8                filesystems_try_all
 .text          0x000000008001a664      0x5c4 net/network.o
                0x000000008001a784                network_init
                0x000000008001a8f8                network_get_source_address
                0x000000008001a930                network_get_broadcast_address
                0x000000008001a938                network_get_loopback_address
                0x000000008001a940                network_get_mtu
                0x000000008001aa14                network_send
                0x000000008001ac18                network_free_frame
 .text          0x000000008001ac28       0xc4 net/protocols.o
                0x000000008001ac28                protocols_get_frame_handler
                0x000000008001ac90                protocols_init
 .text          0x000000008001acec      0x354 net/socket.o
                0x000000008001acec                socket_init
                0x000000008001adac                socket_open
                0x000000008001af90                socket_close
 .text          0x000000008001b040      0x98c net/pop.o
                0x000000008001b348                socket_sendto
                0x000000008001b544                socket_recvfrom
                0x000000008001b6ac                pop_init
                0x000000008001b800                pop_push_frame

.rodata         0x000000008001b9cc     0x1b74
 *(.rodata .rodata.*)
 .rodata.str1.4
                0x000000008001b9cc      0x505 init/main.o
                                        0x50c (size before relaxing)
 *fill*         0x000000008001bed1        0x3 
 .rodata.str1.4
                0x000000008001bed4       0x26 kernel/panic.o
                                         0x28 (size before relaxing)
 *fill*         0x000000008001befa        0x2 
 .rodata.str1.4
                0x000000008001befc      0x11f kernel/kmalloc.o
                                        0x120 (size before relaxing)
 *fill*         0x000000008001c01b        0x1 
 .rodata.str1.4
                0x000000008001c01c       0xca kernel/interrupt.o
                                         0xcc (size before relaxing)
 *fill*         0x000000008001c0e6        0x2 
 .rodata.str1.4
                0x000000008001c0e8       0x6b kernel/thread.o
                                         0x80 (size before relaxing)
 *fill*         0x000000008001c153        0x1 
 .rodata.str1.4
                0x000000008001c154       0x13 kernel/scheduler.o
                                         0x28 (size before relaxing)
 *fill*         0x000000008001c167        0x1 
 .rodata.str1.4
                0x000000008001c168       0x10 kernel/sleepq.o
                                         0x24 (size before relaxing)
 .rodata.str1.4
                0x000000008001c178       0x13 kernel/semaphore.o
                                         0x28 (size before relaxing)
 *fill*         0x000000008001c18b        0x1 
 .rodata.str1.4
                0x000000008001c18c      0x26a kernel/exception.o
                                        0x26c (size before relaxing)
 *fill*         0x000000008001c3f6        0x2 
 .rodata        0x000000008001c3f8       0x38 kernel/exception.o
 .rodata.str1.4
                0x000000008001c430       0x54 kernel/halt.o
 .rodata        0x000000008001c484      0x10c lib/xprintf.o
 .rodata.str1.4
                0x000000008001c590       0x2c lib/bitmap.o
                                         0x40 (size before relaxing)
 .rodata.str1.4
                0x0000000000000000       0x2c drivers/bootargs.o
                                          0x4 (size before relaxing)
 .rodata.str1.4
                0x000000008001c5bc       0xaa drivers/device.o
                                         0xac (size before relaxing)
 *fill*         0x000000008001c666        0x2 
 .rodata.str1.4
                0x000000008001c668       0x51 drivers/drivers.o
                                         0x54 (size before relaxing)
 *fill*         0x000000008001c6b9        0x3 
 .rodata.str1.4
                0x000000008001c6bc       0x8e drivers/tty.o
                                         0x90 (size before relaxing)
 *fill*         0x000000008001c74a        0x2 
 .rodata.str1.4
                0x000000008001c74c       0x93 drivers/disk.o
                                         0xa8 (size before relaxing)
 *fill*         0x000000008001c7df        0x1 
 .rodata.str1.4
                0x000000008001c7e0      0x12c drivers/metadev.o
                                        0x140 (size before relaxing)
 .rodata.str1.4
                0x000000008001c90c       0x11 proc/exception.o
                                        0x1d8 (size before relaxing)
 *fill*         0x000000008001c91d        0x3 
 .rodata        0x000000008001c920       0x38 proc/exception.o
 .rodata.str1.4
                0x000000008001c958       0x2d proc/process.o
                                         0x44 (size before relaxing)
 *fill*         0x000000008001c985        0x3 
 .rodata.str1.4
                0x000000008001c988      0x4c3 proc/syscall.o
                                        0x4c4 (size before relaxing)
 *fill*         0x000000008001ce4b        0x1 
 .rodata        0x000000008001ce4c        0xc proc/io.o
 .rodata.str1.4
                0x000000008001ce58      0x100 vm/vm.o
                                        0x114 (size before relaxing)
 .rodata.str1.4
                0x000000008001cf58       0x6a vm/pagepool.o
                                         0x80 (size before relaxing)
 *fill*         0x000000008001cfc2        0x2 
 .rodata.str1.4
                0x000000008001cfc4       0x6e vm/tlb.o
                                         0x84 (size before relaxing)
 *fill*         0x000000008001d032        0x2 
 .rodata.str1.4
                0x000000008001d034       0x92 fs/gfs.o
                                         0x94 (size before relaxing)
 *fill*         0x000000008001d0c6        0x2 
 .rodata.str1.4
                0x000000008001d0c8      0x2d1 fs/vfs.o
                                        0x2e8 (size before relaxing)
 *fill*         0x000000008001d399        0x3 
 .rodata.str1.4
                0x000000008001d39c       0x92 fs/tfs.o
                                         0x94 (size before relaxing)
 *fill*         0x000000008001d42e        0x2 
 .rodata.str1.4
                0x000000008001d430       0x2c fs/filesystems.o
 .rodata.str1.4
                0x000000008001d45c       0x4e net/network.o
                                         0x64 (size before relaxing)
 *fill*         0x000000008001d4aa        0x2 
 .rodata.str1.4
                0x000000008001d4ac       0x3a net/socket.o
                                         0x50 (size before relaxing)
 *fill*         0x000000008001d4e6        0x2 
 .rodata.str1.4
                0x000000008001d4e8       0x58 net/pop.o
                                         0x6c (size before relaxing)

.rel.dyn        0x000000008001d540        0x0
 .rel.dyn       0x0000000000000000        0x0 drivers/drivers.o

.data           0x000000008001d540       0x90
 *(.data)
 .data          0x000000008001d540        0x0 init/_boot.o
 .data          0x000000008001d540        0x0 kernel/cswitch.o
 .data          0x000000008001d540        0x0 kernel/_interrupt.o
 .data          0x000000008001d540        0x0 kernel/_spinlock.o
 .data          0x000000008001d540        0x0 kernel/idle.o
 .data          0x000000008001d540        0xc lib/rand.o
 .data          0x000000008001d54c        0x0 drivers/_timer.o
 .data          0x000000008001d54c        0x0 vm/_tlb.o
 .data          0x000000008001d54c        0x0 init/main.o
 .data          0x000000008001d54c        0x0 kernel/panic.o
 .data          0x000000008001d54c        0x0 kernel/kmalloc.o
 .data          0x000000008001d54c        0x0 kernel/interrupt.o
 .data          0x000000008001d54c        0x0 kernel/thread.o
 .data          0x000000008001d54c        0x8 kernel/scheduler.o
 .data          0x000000008001d554        0x0 kernel/sleepq.o
 .data          0x000000008001d554        0x0 kernel/semaphore.o
 .data          0x000000008001d554        0x0 kernel/exception.o
 .data          0x000000008001d554        0x0 kernel/halt.o
 .data          0x000000008001d554        0x0 lib/libc.o
 .data          0x000000008001d554        0x0 lib/xprintf.o
 .data          0x000000008001d554        0x0 lib/bitmap.o
 .data          0x000000008001d554        0x0 lib/debug.o
 .data          0x000000008001d554        0x0 drivers/polltty.o
 .data          0x000000008001d554        0x0 drivers/timer.o
 .data          0x000000008001d554        0x0 drivers/bootargs.o
 .data          0x000000008001d554        0x0 drivers/device.o
 .data          0x000000008001d554       0x54 drivers/drivers.o
                0x000000008001d554                drivers_available
 .data          0x000000008001d5a8        0x0 drivers/tty.o
 .data          0x000000008001d5a8        0x0 drivers/disk.o
 .data          0x000000008001d5a8        0x0 drivers/disksched.o
 .data          0x000000008001d5a8        0x0 drivers/metadev.o
 .data          0x000000008001d5a8        0x0 proc/exception.o
 .data          0x000000008001d5a8        0x0 proc/elf.o
 .data          0x000000008001d5a8        0x0 proc/process.o
 .data          0x000000008001d5a8        0x0 proc/syscall.o
 .data          0x000000008001d5a8        0x0 proc/usr_sem.o
 .data          0x000000008001d5a8        0x0 proc/io.o
 .data          0x000000008001d5a8        0x0 vm/vm.o
 .data          0x000000008001d5a8        0x0 vm/pagepool.o
 .data          0x000000008001d5a8        0x0 vm/tlb.o
 .data          0x000000008001d5a8        0x0 fs/gfs.o
 .data          0x000000008001d5a8        0x0 fs/vfs.o
 .data          0x000000008001d5a8        0x0 fs/tfs.o
 .data          0x000000008001d5a8       0x10 fs/filesystems.o
 .data          0x000000008001d5b8        0x0 net/network.o
 .data          0x000000008001d5b8       0x18 net/protocols.o
                0x000000008001d5b8                network_protocols
 .data          0x000000008001d5d0        0x0 net/socket.o
 .data          0x000000008001d5d0        0x0 net/pop.o

.bss            0x000000008001d5d0    0x34b38
 *(.bss COMMON)
 .bss           0x000000008001d5d0        0x0 init/_boot.o
 .bss           0x000000008001d5d0        0x0 kernel/cswitch.o
 .bss           0x000000008001d5d0        0x0 kernel/_interrupt.o
 .bss           0x000000008001d5d0        0x0 kernel/_spinlock.o
 .bss           0x000000008001d5d0        0x0 kernel/idle.o
 .bss           0x000000008001d5d0        0x0 lib/rand.o
 .bss           0x000000008001d5d0        0x0 drivers/_timer.o
 .bss           0x000000008001d5d0        0x0 vm/_tlb.o
 .bss           0x000000008001d5d0        0x4 init/main.o
                0x000000008001d5d0                kernel_bootstrap_finished
 .bss           0x000000008001d5d4        0x0 kernel/panic.o
 .bss           0x000000008001d5d4        0x8 kernel/kmalloc.o
 .bss           0x000000008001d5dc      0x600 kernel/interrupt.o
 COMMON         0x000000008001dbdc       0x10 kernel/interrupt.o
                0x000000008001dbdc                interrupt_stacks
 .bss           0x000000008001dbec        0x4 kernel/thread.o
 COMMON         0x000000008001dbf0    0x20804 kernel/thread.o
                0x000000008001dbf0                thread_table
                0x000000008001e3f0                thread_stack_areas
                0x000000008003e3f0                thread_table_slock
 .bss           0x000000008003e3f4        0x0 kernel/scheduler.o
 COMMON         0x000000008003e3f4       0x10 kernel/scheduler.o
                0x000000008003e3f4                scheduler_current_thread
 .bss           0x000000008003e404      0x200 kernel/sleepq.o
 .bss           0x000000008003e604      0x608 kernel/semaphore.o
 .bss           0x000000008003ec0c        0x0 kernel/exception.o
 .bss           0x000000008003ec0c        0x0 kernel/halt.o
 .bss           0x000000008003ec0c        0x0 lib/libc.o
 .bss           0x000000008003ec0c        0x4 lib/xprintf.o
                0x000000008003ec0c                kprintf_slock
 .bss           0x000000008003ec10        0x0 lib/bitmap.o
 .bss           0x000000008003ec10        0x0 lib/debug.o
 .bss           0x000000008003ec10        0x4 drivers/polltty.o
 .bss           0x000000008003ec14        0x0 drivers/timer.o
 .bss           0x000000008003ec14      0x100 drivers/bootargs.o
 .bss           0x000000008003ed14      0x204 drivers/device.o
 .bss           0x000000008003ef18        0x0 drivers/drivers.o
 .bss           0x000000008003ef18        0x4 drivers/tty.o
 .bss           0x000000008003ef1c        0x0 drivers/disk.o
 .bss           0x000000008003ef1c        0x0 drivers/disksched.o
 .bss           0x000000008003ef1c       0x48 drivers/metadev.o
 .bss           0x000000008003ef64        0x0 proc/exception.o
 .bss           0x000000008003ef64        0x0 proc/elf.o
 .bss           0x000000008003ef64        0x0 proc/process.o
 COMMON         0x000000008003ef64    0x10a04 proc/process.o
                0x000000008003ef64                process_table_slock
                0x000000008003ef68                process_table
 .bss           0x000000008004f968        0x0 proc/syscall.o
 .bss           0x000000008004f968      0x504 proc/usr_sem.o
 .bss           0x000000008004fe6c        0x0 proc/io.o
 .bss           0x000000008004fe6c        0x0 vm/vm.o
 .bss           0x000000008004fe6c       0x14 vm/pagepool.o
 .bss           0x000000008004fe80        0x0 vm/tlb.o
 .bss           0x000000008004fe80        0x0 fs/gfs.o
 .bss           0x000000008004fe80     0x18b8 fs/vfs.o
 .bss           0x0000000080051738        0x0 fs/tfs.o
 .bss           0x0000000080051738        0x0 fs/filesystems.o
 .bss           0x0000000080051738        0x0 net/network.o
 COMMON         0x0000000080051738       0x30 net/network.o
                0x0000000080051738                network_interfaces
 .bss           0x0000000080051768        0x0 net/protocols.o
 .bss           0x0000000080051768        0x4 net/socket.o
 COMMON         0x000000008005176c      0x704 net/socket.o
                0x000000008005176c                open_sockets
                0x0000000080051e6c                open_sockets_sem
 .bss           0x0000000080051e70      0x298 net/pop.o
                0x0000000080052108                KERNEL_ENDS_HERE = .
LOAD init/_boot.o
LOAD kernel/cswitch.o
LOAD kernel/_interrupt.o
LOAD kernel/_spinlock.o
LOAD kernel/idle.o
LOAD lib/rand.o
LOAD drivers/_timer.o
LOAD vm/_tlb.o
LOAD init/main.o
LOAD kernel/panic.o
LOAD kernel/kmalloc.o
LOAD kernel/interrupt.o
LOAD kernel/thread.o
LOAD kernel/scheduler.o
LOAD kernel/sleepq.o
LOAD kernel/semaphore.o
LOAD kernel/exception.o
LOAD kernel/halt.o
LOAD lib/libc.o
LOAD lib/xprintf.o
LOAD lib/bitmap.o
LOAD lib/debug.o
LOAD drivers/polltty.o
LOAD drivers/timer.o
LOAD drivers/bootargs.o
LOAD drivers/device.o
LOAD drivers/drivers.o
LOAD drivers/tty.o
LOAD drivers/disk.o
LOAD drivers/disksched.o
LOAD drivers/metadev.o
LOAD proc/exception.o
LOAD proc/elf.o
LOAD proc/process.o
LOAD proc/syscall.o
LOAD proc/usr_sem.o
LOAD proc/io.o
LOAD vm/vm.o
LOAD vm/pagepool.o
LOAD vm/tlb.o
LOAD fs/gfs.o
LOAD fs/vfs.o
LOAD fs/tfs.o
LOAD fs/filesystems.o
LOAD net/network.o
LOAD net/protocols.o
LOAD net/socket.o
LOAD net/pop.o
OUTPUT(buenos elf32-bigmips)

.reginfo        0x0000000000000000       0x18
 .reginfo       0x0000000000000000       0x18 init/_boot.o

.pdr            0x0000000000000000     0x1c80
 .pdr           0x0000000000000000       0x40 init/_boot.o
 .pdr           0x0000000000000040       0xa0 kernel/cswitch.o
 .pdr           0x00000000000000e0      0x180 kernel/_interrupt.o
 .pdr           0x0000000000000260       0x40 kernel/_spinlock.o
 .pdr           0x00000000000002a0       0x20 kernel/idle.o
 .pdr           0x00000000000002c0       0x40 lib/rand.o
 .pdr           0x0000000000000300       0x20 drivers/_timer.o
 .pdr           0x0000000000000320       0xe0 vm/_tlb.o
 .pdr           0x0000000000000400       0x60 init/main.o
 .pdr           0x0000000000000460       0x20 kernel/panic.o
 .pdr           0x0000000000000480       0xa0 kernel/kmalloc.o
 .pdr           0x0000000000000520       0x60 kernel/interrupt.o
 .pdr           0x0000000000000580      0x100 kernel/thread.o
 .pdr           0x0000000000000680       0x80 kernel/scheduler.o
 .pdr           0x0000000000000700       0x80 kernel/sleepq.o
 .pdr           0x0000000000000780       0xa0 kernel/semaphore.o
 .pdr           0x0000000000000820       0x40 kernel/exception.o
 .pdr           0x0000000000000860       0x20 kernel/halt.o
 .pdr           0x0000000000000880      0x100 lib/libc.o
 .pdr           0x0000000000000980       0xe0 lib/xprintf.o
 .pdr           0x0000000000000a60       0xa0 lib/bitmap.o
 .pdr           0x0000000000000b00       0x20 lib/debug.o
 .pdr           0x0000000000000b20       0x60 drivers/polltty.o
 .pdr           0x0000000000000b80       0x20 drivers/timer.o
 .pdr           0x0000000000000ba0       0x40 drivers/bootargs.o
 .pdr           0x0000000000000be0       0x40 drivers/device.o
 .pdr           0x0000000000000c20        0x0 drivers/drivers.o
 .pdr           0x0000000000000c20       0x80 drivers/tty.o
 .pdr           0x0000000000000ca0      0x100 drivers/disk.o
 .pdr           0x0000000000000da0       0x20 drivers/disksched.o
 .pdr           0x0000000000000dc0      0x180 drivers/metadev.o
 .pdr           0x0000000000000f40       0x20 proc/exception.o
 .pdr           0x0000000000000f60       0x20 proc/elf.o
 .pdr           0x0000000000000f80      0x120 proc/process.o
 .pdr           0x00000000000010a0      0x180 proc/syscall.o
 .pdr           0x0000000000001220       0xa0 proc/usr_sem.o
 .pdr           0x00000000000012c0      0x100 proc/io.o
 .pdr           0x00000000000013c0       0xc0 vm/vm.o
 .pdr           0x0000000000001480       0x60 vm/pagepool.o
 .pdr           0x00000000000014e0       0x80 vm/tlb.o
 .pdr           0x0000000000001560      0x120 fs/gfs.o
 .pdr           0x0000000000001680      0x260 fs/vfs.o
 .pdr           0x00000000000018e0      0x120 fs/tfs.o
 .pdr           0x0000000000001a00       0x20 fs/filesystems.o
 .pdr           0x0000000000001a20      0x120 net/network.o
 .pdr           0x0000000000001b40       0x40 net/protocols.o
 .pdr           0x0000000000001b80       0x60 net/socket.o
 .pdr           0x0000000000001be0       0xa0 net/pop.o

.mdebug.abi32   0x0000000000000000        0x0
 .mdebug.abi32  0x0000000000000000        0x0 init/main.o
 .mdebug.abi32  0x0000000000000000        0x0 kernel/panic.o
 .mdebug.abi32  0x0000000000000000        0x0 kernel/kmalloc.o
 .mdebug.abi32  0x0000000000000000        0x0 kernel/interrupt.o
 .mdebug.abi32  0x0000000000000000        0x0 kernel/thread.o
 .mdebug.abi32  0x0000000000000000        0x0 kernel/scheduler.o
 .mdebug.abi32  0x0000000000000000        0x0 kernel/sleepq.o
 .mdebug.abi32  0x0000000000000000        0x0 kernel/semaphore.o
 .mdebug.abi32  0x0000000000000000        0x0 kernel/exception.o
 .mdebug.abi32  0x0000000000000000        0x0 kernel/halt.o
 .mdebug.abi32  0x0000000000000000        0x0 lib/libc.o
 .mdebug.abi32  0x0000000000000000        0x0 lib/xprintf.o
 .mdebug.abi32  0x0000000000000000        0x0 lib/bitmap.o
 .mdebug.abi32  0x0000000000000000        0x0 lib/debug.o
 .mdebug.abi32  0x0000000000000000        0x0 drivers/polltty.o
 .mdebug.abi32  0x0000000000000000        0x0 drivers/timer.o
 .mdebug.abi32  0x0000000000000000        0x0 drivers/bootargs.o
 .mdebug.abi32  0x0000000000000000        0x0 drivers/device.o
 .mdebug.abi32  0x0000000000000000        0x0 drivers/drivers.o
 .mdebug.abi32  0x0000000000000000        0x0 drivers/tty.o
 .mdebug.abi32  0x0000000000000000        0x0 drivers/disk.o
 .mdebug.abi32  0x0000000000000000        0x0 drivers/disksched.o
 .mdebug.abi32  0x0000000000000000        0x0 drivers/metadev.o
 .mdebug.abi32  0x0000000000000000        0x0 proc/exception.o
 .mdebug.abi32  0x0000000000000000        0x0 proc/elf.o
 .mdebug.abi32  0x0000000000000000        0x0 proc/process.o
 .mdebug.abi32  0x0000000000000000        0x0 proc/syscall.o
 .mdebug.abi32  0x0000000000000000        0x0 proc/usr_sem.o
 .mdebug.abi32  0x0000000000000000        0x0 proc/io.o
 .mdebug.abi32  0x0000000000000000        0x0 vm/vm.o
 .mdebug.abi32  0x0000000000000000        0x0 vm/pagepool.o
 .mdebug.abi32  0x0000000000000000        0x0 vm/tlb.o
 .mdebug.abi32  0x0000000000000000        0x0 fs/gfs.o
 .mdebug.abi32  0x0000000000000000        0x0 fs/vfs.o
 .mdebug.abi32  0x0000000000000000        0x0 fs/tfs.o
 .mdebug.abi32  0x0000000000000000        0x0 fs/filesystems.o
 .mdebug.abi32  0x0000000000000000        0x0 net/network.o
 .mdebug.abi32  0x0000000000000000        0x0 net/protocols.o
 .mdebug.abi32  0x0000000000000000        0x0 net/socket.o
 .mdebug.abi32  0x0000000000000000        0x0 net/pop.o

.comment        0x0000000000000000       0x11
 .comment       0x0000000000000000       0x11 init/main.o
                                         0x12 (size before relaxing)
 .comment       0x0000000000000000       0x12 kernel/panic.o
 .comment       0x0000000000000000       0x12 kernel/kmalloc.o
 .comment       0x0000000000000000       0x12 kernel/interrupt.o
 .comment       0x0000000000000000       0x12 kernel/thread.o
 .comment       0x0000000000000000       0x12 kernel/scheduler.o
 .comment       0x0000000000000000       0x12 kernel/sleepq.o
 .comment       0x0000000000000000       0x12 kernel/semaphore.o
 .comment       0x0000000000000000       0x12 kernel/exception.o
 .comment       0x0000000000000000       0x12 kernel/halt.o
 .comment       0x0000000000000000       0x12 lib/libc.o
 .comment       0x0000000000000000       0x12 lib/xprintf.o
 .comment       0x0000000000000000       0x12 lib/bitmap.o
 .comment       0x0000000000000000       0x12 lib/debug.o
 .comment       0x0000000000000000       0x12 drivers/polltty.o
 .comment       0x0000000000000000       0x12 drivers/timer.o
 .comment       0x0000000000000000       0x12 drivers/bootargs.o
 .comment       0x0000000000000000       0x12 drivers/device.o
 .comment       0x0000000000000000       0x12 drivers/drivers.o
 .comment       0x0000000000000000       0x12 drivers/tty.o
 .comment       0x0000000000000000       0x12 drivers/disk.o
 .comment       0x0000000000000000       0x12 drivers/disksched.o
 .comment       0x0000000000000000       0x12 drivers/metadev.o
 .comment       0x0000000000000000       0x12 proc/exception.o
 .comment       0x0000000000000000       0x12 proc/elf.o
 .comment       0x0000000000000000       0x12 proc/process.o
 .comment       0x0000000000000000       0x12 proc/syscall.o
 .comment       0x0000000000000000       0x12 proc/usr_sem.o
 .comment       0x0000000000000000       0x12 proc/io.o
 .comment       0x0000000000000000       0x12 vm/vm.o
 .comment       0x0000000000000000       0x12 vm/pagepool.o
 .comment       0x0000000000000000       0x12 vm/tlb.o
 .comment       0x0000000000000000       0x12 fs/gfs.o
 .comment       0x0000000000000000       0x12 fs/vfs.o
 .comment       0x0000000000000000       0x12 fs/tfs.o
 .comment       0x0000000000000000       0x12 fs/filesystems.o
 .comment       0x0000000000000000       0x12 net/network.o
 .comment       0x0000000000000000       0x12 net/protocols.o
 .comment       0x0000000000000000       0x12 net/socket.o
 .comment       0x0000000000000000       0x12 net/pop.o

.gnu.attributes
                0x0000000000000000       0x10
 .gnu.attributes
                0x0000000000000000       0x10 init/main.o
 .gnu.attributes
                0x0000000000000010       0x10 kernel/panic.o
 .gnu.attributes
                0x0000000000000020       0x10 kernel/kmalloc.o
 .gnu.attributes
                0x0000000000000030       0x10 kernel/interrupt.o
 .gnu.attributes
                0x0000000000000040       0x10 kernel/thread.o
 .gnu.attributes
                0x0000000000000050       0x10 kernel/scheduler.o
 .gnu.attributes
                0x0000000000000060       0x10 kernel/sleepq.o
 .gnu.attributes
                0x0000000000000070       0x10 kernel/semaphore.o
 .gnu.attributes
                0x0000000000000080       0x10 kernel/exception.o
 .gnu.attributes
                0x0000000000000090       0x10 kernel/halt.o
 .gnu.attributes
                0x00000000000000a0       0x10 lib/libc.o
 .gnu.attributes
                0x00000000000000b0       0x10 lib/xprintf.o
 .gnu.attributes
                0x00000000000000c0       0x10 lib/bitmap.o
 .gnu.attributes
                0x00000000000000d0       0x10 lib/debug.o
 .gnu.attributes
                0x00000000000000e0       0x10 drivers/polltty.o
 .gnu.attributes
                0x00000000000000f0       0x10 drivers/timer.o
 .gnu.attributes
                0x0000000000000100       0x10 drivers/bootargs.o
 .gnu.attributes
                0x0000000000000110       0x10 drivers/device.o
 .gnu.attributes
                0x0000000000000120       0x10 drivers/drivers.o
 .gnu.attributes
                0x0000000000000130       0x10 drivers/tty.o
 .gnu.attributes
                0x0000000000000140       0x10 drivers/disk.o
 .gnu.attributes
                0x0000000000000150       0x10 drivers/disksched.o
 .gnu.attributes
                0x0000000000000160       0x10 drivers/metadev.o
 .gnu.attributes
                0x0000000000000170       0x10 proc/exception.o
 .gnu.attributes
                0x0000000000000180       0x10 proc/elf.o
 .gnu.attributes
                0x0000000000000190       0x10 proc/process.o
 .gnu.attributes
                0x00000000000001a0       0x10 proc/syscall.o
 .gnu.attributes
                0x00000000000001b0       0x10 proc/usr_sem.o
 .gnu.attributes
                0x00000000000001c0       0x10 proc/io.o
 .gnu.attributes
                0x00000000000001d0       0x10 vm/vm.o
 .gnu.attributes
                0x00000000000001e0       0x10 vm/pagepool.o
 .gnu.attributes
                0x00000000000001f0       0x10 vm/tlb.o
 .gnu.attributes
                0x0000000000000200       0x10 fs/gfs.o
 .gnu.attributes
                0x0000000000000210       0x10 fs/vfs.o
 .gnu.attributes
                0x0000000000000220       0x10 fs/tfs.o
 .gnu.attributes
                0x0000000000000230       0x10 fs/filesystems.o
 .gnu.attributes
                0x0000000000000240       0x10 net/network.o
 .gnu.attributes
                0x0000000000000250       0x10 net/protocols.o
 .gnu.attributes
                0x0000000000000260       0x10 net/socket.o
 .gnu.attributes
                0x0000000000000270       0x10 net/pop.o

.stab           0x0000000000000000     0x1560
 .stab          0x0000000000000000       0xfc init/_boot.o
 .stab          0x00000000000000fc      0x9d8 kernel/cswitch.o
                                        0x9e4 (size before relaxing)
 .stab          0x0000000000000ad4      0x3f0 kernel/_interrupt.o
                                        0x3fc (size before relaxing)
 .stab          0x0000000000000ec4       0xb4 kernel/_spinlock.o
                                         0xc0 (size before relaxing)
 .stab          0x0000000000000f78       0x54 kernel/idle.o
                                         0x60 (size before relaxing)
 .stab          0x0000000000000fcc       0xe4 lib/rand.o
                                         0xf0 (size before relaxing)
 .stab          0x00000000000010b0       0x6c drivers/_timer.o
                                         0x78 (size before relaxing)
 .stab          0x000000000000111c      0x444 vm/_tlb.o
                                        0x450 (size before relaxing)

.stabstr        0x0000000000000000      0x3a9
 .stabstr       0x0000000000000000      0x3a9 init/_boot.o

.debug_info     0x0000000000000000     0xfe44
 .debug_info    0x0000000000000000      0xb7c init/main.o
 .debug_info    0x0000000000000b7c      0x16e kernel/panic.o
 .debug_info    0x0000000000000cea      0x33d kernel/kmalloc.o
 .debug_info    0x0000000000001027      0x725 kernel/interrupt.o
 .debug_info    0x000000000000174c      0x7ca kernel/thread.o
 .debug_info    0x0000000000001f16      0x622 kernel/scheduler.o
 .debug_info    0x0000000000002538      0x71f kernel/sleepq.o
 .debug_info    0x0000000000002c57      0x463 kernel/semaphore.o
 .debug_info    0x00000000000030ba      0x42f kernel/exception.o
 .debug_info    0x00000000000034e9      0x10c kernel/halt.o
 .debug_info    0x00000000000035f5      0x349 lib/libc.o
 .debug_info    0x000000000000393e      0xa5e lib/xprintf.o
 .debug_info    0x000000000000439c      0x332 lib/bitmap.o
 .debug_info    0x00000000000046ce      0x135 lib/debug.o
 .debug_info    0x0000000000004803      0x1aa drivers/polltty.o
 .debug_info    0x00000000000049ad       0xfe drivers/timer.o
 .debug_info    0x0000000000004aab      0x22b drivers/bootargs.o
 .debug_info    0x0000000000004cd6      0x325 drivers/device.o
 .debug_info    0x0000000000004ffb      0x1c2 drivers/drivers.o
 .debug_info    0x00000000000051bd      0x7c3 drivers/tty.o
 .debug_info    0x0000000000005980      0xaac drivers/disk.o
 .debug_info    0x000000000000642c      0x1b1 drivers/disksched.o
 .debug_info    0x00000000000065dd      0x791 drivers/metadev.o
 .debug_info    0x0000000000006d6e      0x5cf proc/exception.o
 .debug_info    0x000000000000733d      0x3d0 proc/elf.o
 .debug_info    0x000000000000770d     0x10ca proc/process.o
 .debug_info    0x00000000000087d7      0xb03 proc/syscall.o
 .debug_info    0x00000000000092da      0x5a4 proc/usr_sem.o
 .debug_info    0x000000000000987e      0x614 proc/io.o
 .debug_info    0x0000000000009e92      0x49b vm/vm.o
 .debug_info    0x000000000000a32d      0x49f vm/pagepool.o
 .debug_info    0x000000000000a7cc      0x330 vm/tlb.o
 .debug_info    0x000000000000aafc      0xfff fs/gfs.o
 .debug_info    0x000000000000bafb     0x1611 fs/vfs.o
 .debug_info    0x000000000000d10c      0xfa4 fs/tfs.o
 .debug_info    0x000000000000e0b0      0x501 fs/filesystems.o
 .debug_info    0x000000000000e5b1      0x9de net/network.o
 .debug_info    0x000000000000ef8f      0x170 net/protocols.o
 .debug_info    0x000000000000f0ff      0x3cb net/socket.o
 .debug_info    0x000000000000f4ca      0x97a net/pop.o

.debug_abbrev   0x0000000000000000     0x4867
 .debug_abbrev  0x0000000000000000      0x1e1 init/main.o
 .debug_abbrev  0x00000000000001e1       0xf6 kernel/panic.o
 .debug_abbrev  0x00000000000002d7      0x1be kernel/kmalloc.o
 .debug_abbrev  0x0000000000000495      0x231 kernel/interrupt.o
 .debug_abbrev  0x00000000000006c6      0x2ac kernel/thread.o
 .debug_abbrev  0x0000000000000972      0x225 kernel/scheduler.o
 .debug_abbrev  0x0000000000000b97      0x209 kernel/sleepq.o
 .debug_abbrev  0x0000000000000da0      0x1a6 kernel/semaphore.o
 .debug_abbrev  0x0000000000000f46      0x16a kernel/exception.o
 .debug_abbrev  0x00000000000010b0       0xd6 kernel/halt.o
 .debug_abbrev  0x0000000000001186      0x147 lib/libc.o
 .debug_abbrev  0x00000000000012cd      0x24a lib/xprintf.o
 .debug_abbrev  0x0000000000001517      0x160 lib/bitmap.o
 .debug_abbrev  0x0000000000001677       0xde lib/debug.o
 .debug_abbrev  0x0000000000001755       0xfb drivers/polltty.o
 .debug_abbrev  0x0000000000001850       0xc8 drivers/timer.o
 .debug_abbrev  0x0000000000001918      0x1ab drivers/bootargs.o
 .debug_abbrev  0x0000000000001ac3      0x1d2 drivers/device.o
 .debug_abbrev  0x0000000000001c95       0xaa drivers/drivers.o
 .debug_abbrev  0x0000000000001d3f      0x24c drivers/tty.o
 .debug_abbrev  0x0000000000001f8b      0x311 drivers/disk.o
 .debug_abbrev  0x000000000000229c       0xd6 drivers/disksched.o
 .debug_abbrev  0x0000000000002372      0x254 drivers/metadev.o
 .debug_abbrev  0x00000000000025c6      0x1a0 proc/exception.o
 .debug_abbrev  0x0000000000002766      0x15c proc/elf.o
 .debug_abbrev  0x00000000000028c2      0x395 proc/process.o
 .debug_abbrev  0x0000000000002c57      0x205 proc/syscall.o
 .debug_abbrev  0x0000000000002e5c      0x238 proc/usr_sem.o
 .debug_abbrev  0x0000000000003094      0x1f6 proc/io.o
 .debug_abbrev  0x000000000000328a      0x1d4 vm/vm.o
 .debug_abbrev  0x000000000000345e      0x178 vm/pagepool.o
 .debug_abbrev  0x00000000000035d6      0x16e vm/tlb.o
 .debug_abbrev  0x0000000000003744      0x269 fs/gfs.o
 .debug_abbrev  0x00000000000039ad      0x31c fs/vfs.o
 .debug_abbrev  0x0000000000003cc9      0x269 fs/tfs.o
 .debug_abbrev  0x0000000000003f32      0x154 fs/filesystems.o
 .debug_abbrev  0x0000000000004086      0x34d net/network.o
 .debug_abbrev  0x00000000000043d3       0xf3 net/protocols.o
 .debug_abbrev  0x00000000000044c6      0x196 net/socket.o
 .debug_abbrev  0x000000000000465c      0x20b net/pop.o

.debug_loc      0x0000000000000000     0x892e
 .debug_loc     0x0000000000000000      0x115 init/main.o
 .debug_loc     0x0000000000000115       0x97 kernel/panic.o
 .debug_loc     0x00000000000001ac       0xed kernel/kmalloc.o
 .debug_loc     0x0000000000000299      0x23c kernel/interrupt.o
 .debug_loc     0x00000000000004d5      0x238 kernel/thread.o
 .debug_loc     0x000000000000070d      0x186 kernel/scheduler.o
 .debug_loc     0x0000000000000893      0x317 kernel/sleepq.o
 .debug_loc     0x0000000000000baa      0x228 kernel/semaphore.o
 .debug_loc     0x0000000000000dd2       0x60 kernel/exception.o
 .debug_loc     0x0000000000000e32      0x5eb lib/libc.o
 .debug_loc     0x000000000000141d     0x136b lib/xprintf.o
 .debug_loc     0x0000000000002788      0x59e lib/bitmap.o
 .debug_loc     0x0000000000002d26       0x4d lib/debug.o
 .debug_loc     0x0000000000002d73       0x43 drivers/polltty.o
 .debug_loc     0x0000000000002db6       0x4a drivers/timer.o
 .debug_loc     0x0000000000002e00      0x24f drivers/bootargs.o
 .debug_loc     0x000000000000304f      0x123 drivers/device.o
 .debug_loc     0x0000000000003172      0x3ed drivers/tty.o
 .debug_loc     0x000000000000355f      0x4da drivers/disk.o
 .debug_loc     0x0000000000003a39      0x3bb drivers/metadev.o
 .debug_loc     0x0000000000003df4       0x55 proc/exception.o
 .debug_loc     0x0000000000003e49       0xb8 proc/elf.o
 .debug_loc     0x0000000000003f01      0x45c proc/process.o
 .debug_loc     0x000000000000435d      0x665 proc/syscall.o
 .debug_loc     0x00000000000049c2      0x23a proc/usr_sem.o
 .debug_loc     0x0000000000004bfc      0x41b proc/io.o
 .debug_loc     0x0000000000005017      0x2a7 vm/vm.o
 .debug_loc     0x00000000000052be      0x143 vm/pagepool.o
 .debug_loc     0x0000000000005401       0x42 vm/tlb.o
 .debug_loc     0x0000000000005443      0xc22 fs/gfs.o
 .debug_loc     0x0000000000006065      0xebb fs/vfs.o
 .debug_loc     0x0000000000006f20      0xb4a fs/tfs.o
 .debug_loc     0x0000000000007a6a       0xa7 fs/filesystems.o
 .debug_loc     0x0000000000007b11      0x680 net/network.o
 .debug_loc     0x0000000000008191       0x7f net/protocols.o
 .debug_loc     0x0000000000008210      0x188 net/socket.o
 .debug_loc     0x0000000000008398      0x596 net/pop.o

.debug_aranges  0x0000000000000000      0x4f8
 .debug_aranges
                0x0000000000000000       0x20 init/main.o
 .debug_aranges
                0x0000000000000020       0x20 kernel/panic.o
 .debug_aranges
                0x0000000000000040       0x20 kernel/kmalloc.o
 .debug_aranges
                0x0000000000000060       0x20 kernel/interrupt.o
 .debug_aranges
                0x0000000000000080       0x20 kernel/thread.o
 .debug_aranges
                0x00000000000000a0       0x20 kernel/scheduler.o
 .debug_aranges
                0x00000000000000c0       0x20 kernel/sleepq.o
 .debug_aranges
                0x00000000000000e0       0x20 kernel/semaphore.o
 .debug_aranges
                0x0000000000000100       0x20 kernel/exception.o
 .debug_aranges
                0x0000000000000120       0x20 kernel/halt.o
 .debug_aranges
                0x0000000000000140       0x20 lib/libc.o
 .debug_aranges
                0x0000000000000160       0x20 lib/xprintf.o
 .debug_aranges
                0x0000000000000180       0x20 lib/bitmap.o
 .debug_aranges
                0x00000000000001a0       0x20 lib/debug.o
 .debug_aranges
                0x00000000000001c0       0x20 drivers/polltty.o
 .debug_aranges
                0x00000000000001e0       0x20 drivers/timer.o
 .debug_aranges
                0x0000000000000200       0x20 drivers/bootargs.o
 .debug_aranges
                0x0000000000000220       0x20 drivers/device.o
 .debug_aranges
                0x0000000000000240       0x18 drivers/drivers.o
 .debug_aranges
                0x0000000000000258       0x20 drivers/tty.o
 .debug_aranges
                0x0000000000000278       0x20 drivers/disk.o
 .debug_aranges
                0x0000000000000298       0x20 drivers/disksched.o
 .debug_aranges
                0x00000000000002b8       0x20 drivers/metadev.o
 .debug_aranges
                0x00000000000002d8       0x20 proc/exception.o
 .debug_aranges
                0x00000000000002f8       0x20 proc/elf.o
 .debug_aranges
                0x0000000000000318       0x20 proc/process.o
 .debug_aranges
                0x0000000000000338       0x20 proc/syscall.o
 .debug_aranges
                0x0000000000000358       0x20 proc/usr_sem.o
 .debug_aranges
                0x0000000000000378       0x20 proc/io.o
 .debug_aranges
                0x0000000000000398       0x20 vm/vm.o
 .debug_aranges
                0x00000000000003b8       0x20 vm/pagepool.o
 .debug_aranges
                0x00000000000003d8       0x20 vm/tlb.o
 .debug_aranges
                0x00000000000003f8       0x20 fs/gfs.o
 .debug_aranges
                0x0000000000000418       0x20 fs/vfs.o
 .debug_aranges
                0x0000000000000438       0x20 fs/tfs.o
 .debug_aranges
                0x0000000000000458       0x20 fs/filesystems.o
 .debug_aranges
                0x0000000000000478       0x20 net/network.o
 .debug_aranges
                0x0000000000000498       0x20 net/protocols.o
 .debug_aranges
                0x00000000000004b8       0x20 net/socket.o
 .debug_aranges
                0x00000000000004d8       0x20 net/pop.o

.debug_ranges   0x0000000000000000      0x3f8
 .debug_ranges  0x0000000000000000       0x20 init/main.o
 .debug_ranges  0x0000000000000020       0x28 kernel/thread.o
 .debug_ranges  0x0000000000000048       0x20 kernel/scheduler.o
 .debug_ranges  0x0000000000000068      0x128 lib/xprintf.o
 .debug_ranges  0x0000000000000190       0x18 lib/bitmap.o
 .debug_ranges  0x00000000000001a8       0x20 drivers/device.o
 .debug_ranges  0x00000000000001c8       0x40 drivers/tty.o
 .debug_ranges  0x0000000000000208       0x20 drivers/disk.o
 .debug_ranges  0x0000000000000228       0x18 proc/process.o
 .debug_ranges  0x0000000000000240       0x30 proc/syscall.o
 .debug_ranges  0x0000000000000270       0x20 proc/usr_sem.o
 .debug_ranges  0x0000000000000290       0xa0 fs/vfs.o
 .debug_ranges  0x0000000000000330       0xb0 net/network.o
 .debug_ranges  0x00000000000003e0       0x18 net/socket.o

.debug_line     0x0000000000000000     0x3c27
 .debug_line    0x0000000000000000      0x219 init/main.o
 .debug_line    0x0000000000000219       0x90 kernel/panic.o
 .debug_line    0x00000000000002a9       0xe5 kernel/kmalloc.o
 .debug_line    0x000000000000038e      0x1a7 kernel/interrupt.o
 .debug_line    0x0000000000000535      0x1cd kernel/thread.o
 .debug_line    0x0000000000000702      0x177 kernel/scheduler.o
 .debug_line    0x0000000000000879      0x1ad kernel/sleepq.o
 .debug_line    0x0000000000000a26      0x11e kernel/semaphore.o
 .debug_line    0x0000000000000b44       0xd1 kernel/exception.o
 .debug_line    0x0000000000000c15       0x84 kernel/halt.o
 .debug_line    0x0000000000000c99      0x174 lib/libc.o
 .debug_line    0x0000000000000e0d      0x2e2 lib/xprintf.o
 .debug_line    0x00000000000010ef      0x129 lib/bitmap.o
 .debug_line    0x0000000000001218       0xa7 lib/debug.o
 .debug_line    0x00000000000012bf       0x95 drivers/polltty.o
 .debug_line    0x0000000000001354       0x6e drivers/timer.o
 .debug_line    0x00000000000013c2       0xf6 drivers/bootargs.o
 .debug_line    0x00000000000014b8       0xe5 drivers/device.o
 .debug_line    0x000000000000159d       0x70 drivers/drivers.o
 .debug_line    0x000000000000160d      0x1f8 drivers/tty.o
 .debug_line    0x0000000000001805      0x1ed drivers/disk.o
 .debug_line    0x00000000000019f2       0x9f drivers/disksched.o
 .debug_line    0x0000000000001a91      0x185 drivers/metadev.o
 .debug_line    0x0000000000001c16       0xf5 proc/exception.o
 .debug_line    0x0000000000001d0b       0xd4 proc/elf.o
 .debug_line    0x0000000000001ddf      0x2f4 proc/process.o
 .debug_line    0x00000000000020d3      0x210 proc/syscall.o
 .debug_line    0x00000000000022e3      0x150 proc/usr_sem.o
 .debug_line    0x0000000000002433       0xdc proc/io.o
 .debug_line    0x000000000000250f      0x17b vm/vm.o
 .debug_line    0x000000000000268a      0x111 vm/pagepool.o
 .debug_line    0x000000000000279b       0x95 vm/tlb.o
 .debug_line    0x0000000000002830      0x427 fs/gfs.o
 .debug_line    0x0000000000002c57      0x3f0 fs/vfs.o
 .debug_line    0x0000000000003047      0x3f7 fs/tfs.o
 .debug_line    0x000000000000343e       0xea fs/filesystems.o
 .debug_line    0x0000000000003528      0x20c net/network.o
 .debug_line    0x0000000000003734       0x92 net/protocols.o
 .debug_line    0x00000000000037c6      0x173 net/socket.o
 .debug_line    0x0000000000003939      0x2ee net/pop.o

.debug_str      0x0000000000000000     0x1e30
 .debug_str     0x0000000000000000      0x345 init/main.o
                                        0x3ac (size before relaxing)
 .debug_str     0x0000000000000345       0x45 kernel/panic.o
                                        0x13c (size before relaxing)
 .debug_str     0x000000000000038a       0xb4 kernel/kmalloc.o
                                        0x1e2 (size before relaxing)
 .debug_str     0x000000000000043e      0x225 kernel/interrupt.o
                                        0x3fc (size before relaxing)
 .debug_str     0x0000000000000663      0x13a kernel/thread.o
                                        0x432 (size before relaxing)
 .debug_str     0x000000000000079d       0x72 kernel/scheduler.o
                                        0x3cb (size before relaxing)
 .debug_str     0x000000000000080f       0x8e kernel/sleepq.o
                                        0x3aa (size before relaxing)
 .debug_str     0x000000000000089d       0x8f kernel/semaphore.o
                                        0x245 (size before relaxing)
 .debug_str     0x000000000000092c       0xa3 kernel/exception.o
                                        0x1cf (size before relaxing)
 .debug_str     0x00000000000009cf       0x19 kernel/halt.o
                                         0xf6 (size before relaxing)
 .debug_str     0x00000000000009e8       0x74 lib/libc.o
                                        0x160 (size before relaxing)
 .debug_str     0x0000000000000a5c       0x9d lib/xprintf.o
                                        0x214 (size before relaxing)
 .debug_str     0x0000000000000af9       0x6e lib/bitmap.o
                                        0x13e (size before relaxing)
 .debug_str     0x0000000000000b67       0x27 lib/debug.o
                                        0x11a (size before relaxing)
 .debug_str     0x0000000000000b8e       0x3c drivers/polltty.o
                                        0x179 (size before relaxing)
 .debug_str     0x0000000000000bca       0x21 drivers/timer.o
                                        0x13e (size before relaxing)
 .debug_str     0x0000000000000beb       0x5c drivers/bootargs.o
                                        0x151 (size before relaxing)
 .debug_str     0x0000000000000c47       0x74 drivers/device.o
                                        0x1da (size before relaxing)
 .debug_str     0x0000000000000cbb       0x12 drivers/drivers.o
                                        0x18a (size before relaxing)
 .debug_str     0x0000000000000ccd       0xa4 drivers/tty.o
                                        0x328 (size before relaxing)
 .debug_str     0x0000000000000d71      0x195 drivers/disk.o
                                        0x450 (size before relaxing)
 .debug_str     0x0000000000000f06       0x14 drivers/disksched.o
                                        0x1a9 (size before relaxing)
 .debug_str     0x0000000000000f1a      0x121 drivers/metadev.o
                                        0x378 (size before relaxing)
 .debug_str     0x000000000000103b       0x3f proc/exception.o
                                        0x300 (size before relaxing)
 .debug_str     0x000000000000107a      0x1a5 proc/elf.o
                                        0x274 (size before relaxing)
 .debug_str     0x000000000000121f      0x1ba proc/process.o
                                        0x609 (size before relaxing)
 .debug_str     0x00000000000013d9      0x145 proc/syscall.o
                                        0x2fb (size before relaxing)
 .debug_str     0x000000000000151e       0x8c proc/usr_sem.o
                                        0x29e (size before relaxing)
 .debug_str     0x00000000000015aa       0x4e proc/io.o
                                        0x1f0 (size before relaxing)
 .debug_str     0x00000000000015f8       0x40 vm/vm.o
                                        0x210 (size before relaxing)
 .debug_str     0x0000000000001638       0x70 vm/pagepool.o
                                        0x29f (size before relaxing)
 .debug_str     0x00000000000016a8       0x60 vm/tlb.o
                                        0x1bb (size before relaxing)
 .debug_str     0x0000000000001708       0xf4 fs/gfs.o
                                        0x47b (size before relaxing)
 .debug_str     0x00000000000017fc      0x14d fs/vfs.o
                                        0x5c8 (size before relaxing)
 .debug_str     0x0000000000001949       0x87 fs/tfs.o
                                        0x47b (size before relaxing)
 .debug_str     0x00000000000019d0       0x34 fs/filesystems.o
                                        0x2f7 (size before relaxing)
 .debug_str     0x0000000000001a04      0x222 net/network.o
                                        0x437 (size before relaxing)
 .debug_str     0x0000000000001c26       0x36 net/protocols.o
                                        0x162 (size before relaxing)
 .debug_str     0x0000000000001c5c       0xa1 net/socket.o
                                        0x221 (size before relaxing)
 .debug_str     0x0000000000001cfd      0x133 net/pop.o
                                        0x3b5 (size before relaxing)

.debug_frame    0x0000000000000000     0x1ed0
 .debug_frame   0x0000000000000000       0x90 init/main.o
 .debug_frame   0x0000000000000090       0x38 kernel/panic.o
 .debug_frame   0x00000000000000c8       0x9c kernel/kmalloc.o
 .debug_frame   0x0000000000000164       0x98 kernel/interrupt.o
 .debug_frame   0x00000000000001fc      0x120 kernel/thread.o
 .debug_frame   0x000000000000031c       0xa4 kernel/scheduler.o
 .debug_frame   0x00000000000003c0       0xc8 kernel/sleepq.o
 .debug_frame   0x0000000000000488       0xc8 kernel/semaphore.o
 .debug_frame   0x0000000000000550       0x50 kernel/exception.o
 .debug_frame   0x00000000000005a0       0x2c kernel/halt.o
 .debug_frame   0x00000000000005cc       0xb8 lib/libc.o
 .debug_frame   0x0000000000000684      0x118 lib/xprintf.o
 .debug_frame   0x000000000000079c       0xe4 lib/bitmap.o
 .debug_frame   0x0000000000000880       0x30 lib/debug.o
 .debug_frame   0x00000000000008b0       0x40 drivers/polltty.o
 .debug_frame   0x00000000000008f0       0x30 drivers/timer.o
 .debug_frame   0x0000000000000920       0x4c drivers/bootargs.o
 .debug_frame   0x000000000000096c       0x54 drivers/device.o
 .debug_frame   0x00000000000009c0       0xd4 drivers/tty.o
 .debug_frame   0x0000000000000a94      0x144 drivers/disk.o
 .debug_frame   0x0000000000000bd8       0x20 drivers/disksched.o
 .debug_frame   0x0000000000000bf8      0x17c drivers/metadev.o
 .debug_frame   0x0000000000000d74       0x34 proc/exception.o
 .debug_frame   0x0000000000000da8       0x48 proc/elf.o
 .debug_frame   0x0000000000000df0      0x16c proc/process.o
 .debug_frame   0x0000000000000f5c      0x17c proc/syscall.o
 .debug_frame   0x00000000000010d8       0xc4 proc/usr_sem.o
 .debug_frame   0x000000000000119c      0x110 proc/io.o
 .debug_frame   0x00000000000012ac       0xf0 vm/vm.o
 .debug_frame   0x000000000000139c       0x8c vm/pagepool.o
 .debug_frame   0x0000000000001428       0x6c vm/tlb.o
 .debug_frame   0x0000000000001494      0x1d4 fs/gfs.o
 .debug_frame   0x0000000000001668      0x368 fs/vfs.o
 .debug_frame   0x00000000000019d0      0x1d0 fs/tfs.o
 .debug_frame   0x0000000000001ba0       0x40 fs/filesystems.o
 .debug_frame   0x0000000000001be0      0x110 net/network.o
 .debug_frame   0x0000000000001cf0       0x40 net/protocols.o
 .debug_frame   0x0000000000001d30       0xa4 net/socket.o
 .debug_frame   0x0000000000001dd4       0xfc net/pop.o

Cross Reference Table

Symbol                                            File
DEBUG                                             lib/debug.o
                                                  init/main.o
KERNEL_ENDS_HERE                                  kernel/kmalloc.o
_cswitch_switch                                   kernel/cswitch.o
_cswitch_to_userland                              kernel/cswitch.o
                                                  kernel/thread.o
_cswitch_vector_code                              kernel/cswitch.o
                                                  kernel/interrupt.o
_get_rand                                         lib/rand.o
                                                  kernel/scheduler.o
_idle_thread_wait_loop                            kernel/idle.o
                                                  kernel/thread.o
                                                  init/_boot.o
_interrupt_clear_EXL                              kernel/_interrupt.o
                                                  proc/exception.o
                                                  kernel/exception.o
_interrupt_clear_bootstrap                        kernel/_interrupt.o
                                                  init/main.o
                                                  init/_boot.o
_interrupt_clear_sw                               kernel/_interrupt.o
_interrupt_clear_sw0                              kernel/_interrupt.o
                                                  kernel/interrupt.o
_interrupt_clear_sw1                              kernel/_interrupt.o
_interrupt_disable                                kernel/_interrupt.o
                                                  vm/pagepool.o
                                                  proc/usr_sem.o
                                                  proc/process.o
                                                  proc/exception.o
                                                  drivers/metadev.o
                                                  drivers/disk.o
                                                  drivers/tty.o
                                                  drivers/timer.o
                                                  lib/xprintf.o
                                                  kernel/exception.o
                                                  kernel/semaphore.o
                                                  kernel/sleepq.o
                                                  kernel/scheduler.o
                                                  kernel/thread.o
                                                  kernel/panic.o
_interrupt_enable                                 kernel/_interrupt.o
                                                  proc/exception.o
                                                  kernel/thread.o
                                                  init/main.o
                                                  init/_boot.o
_interrupt_generate_sw0                           kernel/_interrupt.o
                                                  kernel/thread.o
                                                  init/_boot.o
_interrupt_get_state                              kernel/_interrupt.o
                                                  kernel/sleepq.o
_interrupt_getcpu                                 kernel/_interrupt.o
                                                  drivers/metadev.o
                                                  kernel/scheduler.o
                                                  kernel/thread.o
                                                  kernel/interrupt.o
                                                  kernel/panic.o
_interrupt_set_EXL                                kernel/_interrupt.o
                                                  proc/exception.o
                                                  kernel/exception.o
_interrupt_set_state                              kernel/_interrupt.o
                                                  vm/pagepool.o
                                                  proc/usr_sem.o
                                                  proc/process.o
                                                  drivers/metadev.o
                                                  drivers/disk.o
                                                  drivers/tty.o
                                                  drivers/timer.o
                                                  lib/xprintf.o
                                                  kernel/exception.o
                                                  kernel/semaphore.o
                                                  kernel/sleepq.o
                                                  kernel/scheduler.o
                                                  kernel/thread.o
_kernel_panic                                     kernel/panic.o
                                                  net/pop.o
                                                  net/socket.o
                                                  net/network.o
                                                  fs/vfs.o
                                                  vm/tlb.o
                                                  vm/pagepool.o
                                                  vm/vm.o
                                                  proc/syscall.o
                                                  proc/process.o
                                                  proc/exception.o
                                                  drivers/metadev.o
                                                  drivers/disk.o
                                                  drivers/tty.o
                                                  lib/bitmap.o
                                                  kernel/exception.o
                                                  kernel/semaphore.o
                                                  kernel/sleepq.o
                                                  kernel/scheduler.o
                                                  kernel/thread.o
                                                  kernel/interrupt.o
                                                  kernel/kmalloc.o
                                                  init/main.o
_set_rand_seed                                    lib/rand.o
                                                  init/main.o
_start                                            init/_boot.o
_timer_set_ticks                                  drivers/_timer.o
                                                  drivers/timer.o
_tlb_get_exception_state                          vm/_tlb.o
                                                  kernel/exception.o
_tlb_get_maxindex                                 vm/_tlb.o
                                                  vm/tlb.o
                                                  proc/process.o
_tlb_probe                                        vm/_tlb.o
_tlb_read                                         vm/_tlb.o
_tlb_set_asid                                     vm/_tlb.o
                                                  vm/tlb.o
_tlb_write                                        vm/_tlb.o
                                                  vm/tlb.o
_tlb_write_random                                 vm/_tlb.o
alloc_process_id                                  proc/process.o
atoi                                              lib/libc.o
                                                  init/main.o
bitmap_findnset                                   lib/bitmap.o
                                                  fs/tfs.o
                                                  fs/gfs.o
                                                  vm/pagepool.o
bitmap_get                                        lib/bitmap.o
                                                  fs/tfs.o
                                                  fs/gfs.o
                                                  vm/pagepool.o
bitmap_init                                       lib/bitmap.o
                                                  vm/pagepool.o
bitmap_set                                        lib/bitmap.o
                                                  fs/tfs.o
                                                  fs/gfs.o
                                                  vm/pagepool.o
bitmap_sizeof                                     lib/bitmap.o
                                                  vm/pagepool.o
bootargs_get                                      drivers/bootargs.o
                                                  lib/debug.o
                                                  init/main.o
bootargs_init                                     drivers/bootargs.o
                                                  init/main.o
cpustatus_count                                   drivers/metadev.o
                                                  init/main.o
cpustatus_generate_irq                            drivers/metadev.o
cpustatus_init                                    drivers/metadev.o
                                                  drivers/drivers.o
cpustatus_interrupt_handle                        drivers/metadev.o
device_get                                        drivers/device.o
                                                  net/network.o
                                                  fs/vfs.o
                                                  proc/io.o
                                                  init/main.o
device_init                                       drivers/device.o
                                                  init/main.o
disk_init                                         drivers/disk.o
                                                  drivers/drivers.o
disksched_schedule                                drivers/disksched.o
                                                  drivers/disk.o
drivers_available                                 drivers/drivers.o
                                                  drivers/device.o
elf_parse_header                                  proc/elf.o
                                                  proc/process.o
filesystems_try_all                               fs/filesystems.o
                                                  fs/vfs.o
get_tty                                           proc/io.o
gfs_close                                         fs/gfs.o
gfs_create                                        fs/gfs.o
gfs_getfree                                       fs/gfs.o
gfs_init                                          fs/gfs.o
                                                  fs/filesystems.o
gfs_open                                          fs/gfs.o
gfs_read                                          fs/gfs.o
gfs_remove                                        fs/gfs.o
gfs_unmount                                       fs/gfs.o
gfs_write                                         fs/gfs.o
halt_kernel                                       kernel/halt.o
                                                  proc/syscall.o
                                                  init/main.o
init                                              init/main.o
                                                  init/_boot.o
init_startup_fallback                             init/main.o
init_startup_thread                               init/main.o
interrupt_handle                                  kernel/interrupt.o
                                                  kernel/cswitch.o
interrupt_init                                    kernel/interrupt.o
                                                  init/main.o
interrupt_register                                kernel/interrupt.o
                                                  drivers/metadev.o
                                                  drivers/disk.o
                                                  drivers/tty.o
interrupt_stacks                                  kernel/interrupt.o
                                                  kernel/cswitch.o
io_read                                           proc/io.o
                                                  proc/syscall.o
[...]
                                                  net/pop.o
network_get_broadcast_address                     net/network.o
network_get_loopback_address                      net/network.o
network_get_mtu                                   net/network.o
                                                  net/pop.o
network_get_source_address                        net/network.o
network_init                                      net/network.o
                                                  init/main.o
network_interfaces                                net/network.o
network_protocols                                 net/protocols.o
network_send                                      net/network.o
                                                  net/pop.o
open_sockets                                      net/socket.o
                                                  net/pop.o
open_sockets_sem                                  net/socket.o
                                                  net/pop.o
pagepool_free_phys_page                           vm/pagepool.o
                                                  net/network.o
                                                  fs/tfs.o
                                                  fs/gfs.o
                                                  vm/vm.o
pagepool_get_phys_page                            vm/pagepool.o
                                                  net/pop.o
                                                  net/network.o
                                                  fs/tfs.o
                                                  fs/gfs.o
                                                  vm/vm.o
                                                  proc/process.o
pagepool_init                                     vm/pagepool.o
                                                  vm/vm.o
polltty_getchar                                   drivers/polltty.o
                                                  lib/libc.o
polltty_init                                      drivers/polltty.o
                                                  init/main.o
polltty_putchar                                   drivers/polltty.o
                                                  lib/xprintf.o
                                                  lib/libc.o
pop_init                                          net/pop.o
                                                  net/protocols.o
pop_push_frame                                    net/pop.o
                                                  net/protocols.o
process_finish                                    proc/process.o
                                                  proc/syscall.o
process_get_current_process                       proc/process.o
process_get_current_process_entry                 proc/process.o
                                                  fs/vfs.o
process_init                                      proc/process.o
                                                  init/main.o
process_join                                      proc/process.o
                                                  proc/syscall.o
                                                  init/main.o
process_reset                                     proc/process.o
process_spawn                                     proc/process.o
                                                  proc/syscall.o
                                                  init/main.o
process_start                                     proc/process.o
process_table                                     proc/process.o
process_table_slock                               proc/process.o
protocols_get_frame_handler                       net/protocols.o
                                                  net/network.o
protocols_init                                    net/protocols.o
                                                  net/network.o
rtc_get_clockspeed                                drivers/metadev.o
rtc_get_msec                                      drivers/metadev.o
                                                  net/pop.o
rtc_init                                          drivers/metadev.o
                                                  drivers/drivers.o
scheduler_add_ready                               kernel/scheduler.o
                                                  kernel/thread.o
scheduler_add_to_ready_list                       kernel/scheduler.o
                                                  kernel/sleepq.o
scheduler_current_thread                          kernel/scheduler.o
                                                  kernel/thread.o
                                                  kernel/interrupt.o
                                                  kernel/cswitch.o
scheduler_init                                    kernel/scheduler.o
                                                  init/main.o
scheduler_schedule                                kernel/scheduler.o
                                                  kernel/interrupt.o
semaphore_P                                       kernel/semaphore.o
                                                  net/pop.o
                                                  net/socket.o
                                                  fs/tfs.o
                                                  fs/vfs.o
                                                  fs/gfs.o
                                                  proc/usr_sem.o
                                                  drivers/disk.o
semaphore_V                                       kernel/semaphore.o
                                                  net/pop.o
                                                  net/socket.o
                                                  fs/tfs.o
                                                  fs/vfs.o
                                                  fs/gfs.o
                                                  proc/usr_sem.o
                                                  drivers/disk.o
semaphore_create                                  kernel/semaphore.o
                                                  net/pop.o
                                                  net/socket.o
                                                  fs/tfs.o
                                                  fs/vfs.o
                                                  fs/gfs.o
                                                  proc/usr_sem.o
                                                  drivers/disk.o
semaphore_destroy                                 kernel/semaphore.o
                                                  net/socket.o
                                                  fs/tfs.o
                                                  fs/gfs.o
                                                  proc/usr_sem.o
                                                  drivers/disk.o
semaphore_init                                    kernel/semaphore.o
                                                  init/main.o
shutdown                                          drivers/metadev.o
                                                  kernel/halt.o
                                                  kernel/panic.o
shutdown_init                                     drivers/metadev.o
                                                  drivers/drivers.o
sleepq_add                                        kernel/sleepq.o
                                                  proc/process.o
                                                  drivers/tty.o
                                                  kernel/semaphore.o
sleepq_init                                       kernel/sleepq.o
                                                  init/main.o
sleepq_wake                                       kernel/sleepq.o
                                                  kernel/semaphore.o
sleepq_wake_all                                   kernel/sleepq.o
                                                  proc/process.o
                                                  drivers/tty.o
snprintf                                          lib/xprintf.o
                                                  init/main.o
socket_close                                      net/socket.o
socket_init                                       net/socket.o
                                                  net/network.o
socket_open                                       net/socket.o
socket_recvfrom                                   net/pop.o
socket_sendto                                     net/pop.o
spinlock_acquire                                  kernel/_spinlock.o
                                                  vm/pagepool.o
                                                  proc/usr_sem.o
                                                  proc/process.o
                                                  drivers/metadev.o
                                                  drivers/disk.o
                                                  drivers/tty.o
                                                  lib/xprintf.o
                                                  kernel/semaphore.o
                                                  kernel/sleepq.o
                                                  kernel/scheduler.o
                                                  kernel/thread.o
spinlock_release                                  kernel/_spinlock.o
                                                  vm/pagepool.o
                                                  proc/usr_sem.o
                                                  proc/process.o
                                                  drivers/metadev.o
                                                  drivers/disk.o
                                                  drivers/tty.o
                                                  lib/xprintf.o
                                                  kernel/semaphore.o
                                                  kernel/sleepq.o
                                                  kernel/scheduler.o
                                                  kernel/thread.o
spinlock_reset                                    kernel/_spinlock.o
                                                  vm/pagepool.o
                                                  proc/usr_sem.o
                                                  proc/process.o
                                                  drivers/metadev.o
                                                  drivers/disk.o
                                                  drivers/tty.o
                                                  kernel/semaphore.o
                                                  kernel/sleepq.o
                                                  kernel/thread.o
stringcmp                                         lib/libc.o
                                                  fs/tfs.o
                                                  fs/vfs.o
                                                  fs/gfs.o
                                                  proc/usr_sem.o
stringcopy                                        lib/libc.o
                                                  fs/tfs.o
                                                  fs/vfs.o
                                                  fs/gfs.o
                                                  proc/usr_sem.o
                                                  proc/process.o
strlen                                            lib/libc.o
                                                  drivers/bootargs.o
syscall_close                                     proc/syscall.o
syscall_create                                    proc/syscall.o
syscall_exec                                      proc/syscall.o
syscall_exit                                      proc/syscall.o
syscall_handle                                    proc/syscall.o
                                                  proc/exception.o
syscall_join                                      proc/syscall.o
syscall_open                                      proc/syscall.o
syscall_read                                      proc/syscall.o
syscall_remove                                    proc/syscall.o
syscall_seek                                      proc/syscall.o
syscall_tell                                      proc/syscall.o
syscall_write                                     proc/syscall.o
tfs_close                                         fs/tfs.o
tfs_create                                        fs/tfs.o
tfs_getfree                                       fs/tfs.o
tfs_init                                          fs/tfs.o
tfs_open                                          fs/tfs.o
tfs_read                                          fs/tfs.o
tfs_remove                                        fs/tfs.o
tfs_unmount                                       fs/tfs.o
tfs_write                                         fs/tfs.o
thread_create                                     kernel/thread.o
                                                  net/pop.o
                                                  net/network.o
                                                  proc/process.o
                                                  init/main.o
thread_finish                                     kernel/thread.o
                                                  proc/process.o
thread_get_current_thread                         kernel/thread.o
                                                  proc/process.o
                                                  kernel/semaphore.o
                                                  kernel/sleepq.o
thread_get_current_thread_entry                   kernel/thread.o
                                                  proc/process.o
                                                  proc/exception.o
                                                  kernel/interrupt.o
thread_goto_userland                              kernel/thread.o
                                                  proc/process.o
thread_run                                        kernel/thread.o
                                                  net/pop.o
                                                  net/network.o
                                                  proc/process.o
                                                  init/main.o
thread_stack_areas                                kernel/thread.o
thread_switch                                     kernel/thread.o
                                                  proc/process.o
                                                  drivers/tty.o
                                                  kernel/semaphore.o
                                                  init/main.o
thread_table                                      kernel/thread.o
                                                  kernel/sleepq.o
                                                  kernel/scheduler.o
                                                  kernel/cswitch.o
thread_table_init                                 kernel/thread.o
                                                  init/main.o
thread_table_slock                                kernel/thread.o
                                                  kernel/sleepq.o
                                                  kernel/scheduler.o
timer_set_ticks                                   drivers/timer.o
                                                  kernel/scheduler.o
tlb_fill                                          vm/tlb.o
                                                  proc/process.o
                                                  kernel/interrupt.o
tlb_load_exception                                vm/tlb.o
tlb_modified_exception                            vm/tlb.o
tlb_store_exception                               vm/tlb.o
tty_init                                          drivers/tty.o
                                                  drivers/drivers.o
tty_interrupt_handle                              drivers/tty.o
tty_read                                          proc/io.o
tty_reset_red                                     proc/io.o
tty_set_red                                       proc/io.o
tty_write_stderr                                  proc/io.o
tty_write_stdout                                  proc/io.o
user_exception_handle                             proc/exception.o
                                                  kernel/cswitch.o
usr_sem_destroy                                   proc/usr_sem.o
                                                  proc/syscall.o
usr_sem_init                                      proc/usr_sem.o
                                                  init/main.o
usr_sem_open                                      proc/usr_sem.o
                                                  proc/syscall.o
usr_sem_p                                         proc/usr_sem.o
                                                  proc/syscall.o
usr_sem_v                                         proc/usr_sem.o
                                                  proc/syscall.o
vfs_close                                         fs/vfs.o
                                                  proc/syscall.o
                                                  proc/process.o
vfs_create                                        fs/vfs.o
                                                  proc/syscall.o
vfs_deinit                                        fs/vfs.o
                                                  kernel/halt.o
vfs_getfree                                       fs/vfs.o
vfs_init                                          fs/vfs.o
                                                  init/main.o
vfs_mount                                         fs/vfs.o
vfs_mount_all                                     fs/vfs.o
                                                  init/main.o
vfs_mount_fs                                      fs/vfs.o
vfs_open                                          fs/vfs.o
                                                  proc/syscall.o
                                                  proc/process.o
vfs_read                                          fs/vfs.o
                                                  proc/syscall.o
                                                  proc/process.o
                                                  proc/elf.o
vfs_remove                                        fs/vfs.o
                                                  proc/syscall.o
vfs_seek                                          fs/vfs.o
                                                  proc/syscall.o
                                                  proc/process.o
                                                  proc/elf.o
vfs_tell                                          fs/vfs.o
                                                  proc/syscall.o
vfs_unmount                                       fs/vfs.o
vfs_write                                         fs/vfs.o
                                                  proc/syscall.o
vm_create_pagetable                               vm/vm.o
                                                  proc/process.o
vm_destroy_pagetable                              vm/vm.o
                                                  proc/process.o
vm_init                                           vm/vm.o
                                                  init/main.o
vm_map                                            vm/vm.o
                                                  proc/process.o
vm_set_dirty                                      vm/vm.o
                                                  proc/process.o
vm_unmap                                          vm/vm.o
vsnprintf                                         lib/xprintf.o
